
===== ceiling influenza_japan seed42 :: 2026-08-11 02:15:27 =====
    influenza_japan seed42 ep00 val_pinball=0.1369 best=0.1369
    influenza_japan seed42 ep01 val_pinball=0.1116 best=0.1116
    influenza_japan seed42 ep02 val_pinball=0.1062 best=0.1062
    influenza_japan seed42 ep03 val_pinball=0.0957 best=0.0957
    influenza_japan seed42 ep04 val_pinball=0.0988 best=0.0957
    influenza_japan seed42 ep05 val_pinball=0.0963 best=0.0957
    influenza_japan seed42 ep06 val_pinball=0.0971 best=0.0957
    influenza_japan seed42 ep07 val_pinball=0.0939 best=0.0939
    influenza_japan seed42 ep08 val_pinball=0.0987 best=0.0939
    influenza_japan seed42 ep09 val_pinball=0.0937 best=0.0937
    influenza_japan seed42 ep10 val_pinball=0.0937 best=0.0937
    influenza_japan seed42 ep11 val_pinball=0.0936 best=0.0936
    influenza_japan seed42 ep12 val_pinball=0.0936 best=0.0936
    influenza_japan seed42 ep13 val_pinball=0.0945 best=0.0936
    influenza_japan seed42 ep14 val_pinball=0.0989 best=0.0936
    influenza_japan seed42 ep15 val_pinball=0.0885 best=0.0885
    influenza_japan seed42 ep16 val_pinball=0.0988 best=0.0885
    influenza_japan seed42 ep17 val_pinball=0.0900 best=0.0885
    influenza_japan seed42 ep18 val_pinball=0.0905 best=0.0885
    influenza_japan seed42 ep19 val_pinball=0.0882 best=0.0882
    influenza_japan seed42 ep20 val_pinball=0.0893 best=0.0882
    influenza_japan seed42 ep21 val_pinball=0.0877 best=0.0877
    influenza_japan seed42 ep22 val_pinball=0.0922 best=0.0877
    influenza_japan seed42 ep23 val_pinball=0.0887 best=0.0877
    influenza_japan seed42 ep24 val_pinball=0.0915 best=0.0877
    influenza_japan seed42 ep25 val_pinball=0.0943 best=0.0877
    influenza_japan seed42 ep26 val_pinball=0.0923 best=0.0877
    influenza_japan seed42 ep27 val_pinball=0.0875 best=0.0875
    influenza_japan seed42 ep28 val_pinball=0.0911 best=0.0875
    influenza_japan seed42 ep29 val_pinball=0.0928 best=0.0875
    influenza_japan seed42 ep30 val_pinball=0.0871 best=0.0871
    influenza_japan seed42 ep31 val_pinball=0.0901 best=0.0871
    influenza_japan seed42 ep32 val_pinball=0.0894 best=0.0871
    influenza_japan seed42 ep33 val_pinball=0.0868 best=0.0868
    influenza_japan seed42 ep34 val_pinball=0.0873 best=0.0868
    influenza_japan seed42 ep35 val_pinball=0.0871 best=0.0868
    influenza_japan seed42 ep36 val_pinball=0.0899 best=0.0868
    influenza_japan seed42 ep37 val_pinball=0.0871 best=0.0868
    influenza_japan seed42 ep38 val_pinball=0.0927 best=0.0868
    influenza_japan seed42 ep39 val_pinball=0.0869 best=0.0868
    influenza_japan seed42 ep40 val_pinball=0.0908 best=0.0868
    influenza_japan seed42 ep41 val_pinball=0.0865 best=0.0865
    influenza_japan seed42 ep42 val_pinball=0.0936 best=0.0865
    influenza_japan seed42 ep43 val_pinball=0.0876 best=0.0865
    influenza_japan seed42 ep44 val_pinball=0.0859 best=0.0859
    influenza_japan seed42 ep45 val_pinball=0.0850 best=0.0850
    influenza_japan seed42 ep46 val_pinball=0.0887 best=0.0850
    influenza_japan seed42 ep47 val_pinball=0.0859 best=0.0850
    influenza_japan seed42 ep48 val_pinball=0.0904 best=0.0850
    influenza_japan seed42 ep49 val_pinball=0.0861 best=0.0850
    influenza_japan seed42 ep50 val_pinball=0.0881 best=0.0850
    influenza_japan seed42 ep51 val_pinball=0.0858 best=0.0850
    influenza_japan seed42 ep52 val_pinball=0.0868 best=0.0850
    influenza_japan seed42 ep53 val_pinball=0.0853 best=0.0850
    influenza_japan seed42 ep54 val_pinball=0.0871 best=0.0850
    influenza_japan seed42 ep55 val_pinball=0.0872 best=0.0850
    influenza_japan seed42 ep56 val_pinball=0.0865 best=0.0850
    influenza_japan seed42 ep57 val_pinball=0.0875 best=0.0850
    influenza_japan seed42 ep58 val_pinball=0.0852 best=0.0850
    influenza_japan seed42 ep59 val_pinball=0.0865 best=0.0850
    influenza_japan seed42 ep60 val_pinball=0.0872 best=0.0850
done in 142s; bias_c={3: 0.10000000000000009, 5: 0.050000000000000044, 10: 0.0, 15: 0.0}

===== ceiling influenza_japan seed52 :: 2026-08-11 02:17:53 =====
    influenza_japan seed52 ep00 val_pinball=0.1367 best=0.1367
    influenza_japan seed52 ep01 val_pinball=0.1047 best=0.1047
    influenza_japan seed52 ep02 val_pinball=0.0993 best=0.0993
    influenza_japan seed52 ep03 val_pinball=0.0945 best=0.0945
    influenza_japan seed52 ep04 val_pinball=0.0944 best=0.0944
    influenza_japan seed52 ep05 val_pinball=0.0963 best=0.0944
    influenza_japan seed52 ep06 val_pinball=0.1029 best=0.0944
    influenza_japan seed52 ep07 val_pinball=0.0941 best=0.0941
    influenza_japan seed52 ep08 val_pinball=0.0882 best=0.0882
    influenza_japan seed52 ep09 val_pinball=0.0964 best=0.0882
    influenza_japan seed52 ep10 val_pinball=0.0923 best=0.0882
    influenza_japan seed52 ep11 val_pinball=0.0912 best=0.0882
    influenza_japan seed52 ep12 val_pinball=0.0960 best=0.0882
    influenza_japan seed52 ep13 val_pinball=0.0969 best=0.0882
    influenza_japan seed52 ep14 val_pinball=0.0904 best=0.0882
    influenza_japan seed52 ep15 val_pinball=0.0907 best=0.0882
    influenza_japan seed52 ep16 val_pinball=0.0911 best=0.0882
    influenza_japan seed52 ep17 val_pinball=0.0895 best=0.0882
    influenza_japan seed52 ep18 val_pinball=0.0914 best=0.0882
    influenza_japan seed52 ep19 val_pinball=0.0883 best=0.0882
    influenza_japan seed52 ep20 val_pinball=0.0925 best=0.0882
    influenza_japan seed52 ep21 val_pinball=0.0909 best=0.0882
    influenza_japan seed52 ep22 val_pinball=0.0925 best=0.0882
    influenza_japan seed52 ep23 val_pinball=0.0927 best=0.0882
done in 58s; bias_c={3: 0.050000000000000044, 5: 0.050000000000000044, 10: 0.10000000000000009, 15: 0.15000000000000013}

===== ceiling influenza_japan seed62 :: 2026-08-11 02:18:54 =====
    influenza_japan seed62 ep00 val_pinball=0.1426 best=0.1426
    influenza_japan seed62 ep01 val_pinball=0.1067 best=0.1067
    influenza_japan seed62 ep02 val_pinball=0.1051 best=0.1051
    influenza_japan seed62 ep03 val_pinball=0.0952 best=0.0952
    influenza_japan seed62 ep04 val_pinball=0.1030 best=0.0952
    influenza_japan seed62 ep05 val_pinball=0.0966 best=0.0952
    influenza_japan seed62 ep06 val_pinball=0.0939 best=0.0939
    influenza_japan seed62 ep07 val_pinball=0.0961 best=0.0939
    influenza_japan seed62 ep08 val_pinball=0.0908 best=0.0908
    influenza_japan seed62 ep09 val_pinball=0.0933 best=0.0908
    influenza_japan seed62 ep10 val_pinball=0.0973 best=0.0908
    influenza_japan seed62 ep11 val_pinball=0.0933 best=0.0908
    influenza_japan seed62 ep12 val_pinball=0.0932 best=0.0908
    influenza_japan seed62 ep13 val_pinball=0.0904 best=0.0904
    influenza_japan seed62 ep14 val_pinball=0.0963 best=0.0904
    influenza_japan seed62 ep15 val_pinball=0.0991 best=0.0904
    influenza_japan seed62 ep16 val_pinball=0.0906 best=0.0904
    influenza_japan seed62 ep17 val_pinball=0.0896 best=0.0896
    influenza_japan seed62 ep18 val_pinball=0.0897 best=0.0896
    influenza_japan seed62 ep19 val_pinball=0.0921 best=0.0896
    influenza_japan seed62 ep20 val_pinball=0.0957 best=0.0896
    influenza_japan seed62 ep21 val_pinball=0.0924 best=0.0896
    influenza_japan seed62 ep22 val_pinball=0.0932 best=0.0896
    influenza_japan seed62 ep23 val_pinball=0.0891 best=0.0891
    influenza_japan seed62 ep24 val_pinball=0.0896 best=0.0891
    influenza_japan seed62 ep25 val_pinball=0.0898 best=0.0891
    influenza_japan seed62 ep26 val_pinball=0.0890 best=0.0890
    influenza_japan seed62 ep27 val_pinball=0.0887 best=0.0887
    influenza_japan seed62 ep28 val_pinball=0.0885 best=0.0885
    influenza_japan seed62 ep29 val_pinball=0.0896 best=0.0885
    influenza_japan seed62 ep30 val_pinball=0.0915 best=0.0885
    influenza_japan seed62 ep31 val_pinball=0.0887 best=0.0885
    influenza_japan seed62 ep32 val_pinball=0.0931 best=0.0885
    influenza_japan seed62 ep33 val_pinball=0.0889 best=0.0885
    influenza_japan seed62 ep34 val_pinball=0.0871 best=0.0871
    influenza_japan seed62 ep35 val_pinball=0.0916 best=0.0871
    influenza_japan seed62 ep36 val_pinball=0.0899 best=0.0871
    influenza_japan seed62 ep37 val_pinball=0.0906 best=0.0871
    influenza_japan seed62 ep38 val_pinball=0.0882 best=0.0871
    influenza_japan seed62 ep39 val_pinball=0.0892 best=0.0871
    influenza_japan seed62 ep40 val_pinball=0.0868 best=0.0868
    influenza_japan seed62 ep41 val_pinball=0.0870 best=0.0868
    influenza_japan seed62 ep42 val_pinball=0.0874 best=0.0868
    influenza_japan seed62 ep43 val_pinball=0.0889 best=0.0868
    influenza_japan seed62 ep44 val_pinball=0.0873 best=0.0868
    influenza_japan seed62 ep45 val_pinball=0.0898 best=0.0868
    influenza_japan seed62 ep46 val_pinball=0.0877 best=0.0868
    influenza_japan seed62 ep47 val_pinball=0.0875 best=0.0868
    influenza_japan seed62 ep48 val_pinball=0.0861 best=0.0861
    influenza_japan seed62 ep49 val_pinball=0.0874 best=0.0861
    influenza_japan seed62 ep50 val_pinball=0.0899 best=0.0861
    influenza_japan seed62 ep51 val_pinball=0.0869 best=0.0861
    influenza_japan seed62 ep52 val_pinball=0.0857 best=0.0857
    influenza_japan seed62 ep53 val_pinball=0.0888 best=0.0857
    influenza_japan seed62 ep54 val_pinball=0.0866 best=0.0857
    influenza_japan seed62 ep55 val_pinball=0.0853 best=0.0853
    influenza_japan seed62 ep56 val_pinball=0.0864 best=0.0853
    influenza_japan seed62 ep57 val_pinball=0.0876 best=0.0853
    influenza_japan seed62 ep58 val_pinball=0.0866 best=0.0853
    influenza_japan seed62 ep59 val_pinball=0.0875 best=0.0853
    influenza_japan seed62 ep60 val_pinball=0.0855 best=0.0853
    influenza_japan seed62 ep61 val_pinball=0.0860 best=0.0853
    influenza_japan seed62 ep62 val_pinball=0.0867 best=0.0853
    influenza_japan seed62 ep63 val_pinball=0.0858 best=0.0853
    influenza_japan seed62 ep64 val_pinball=0.0861 best=0.0853
    influenza_japan seed62 ep65 val_pinball=0.0866 best=0.0853
    influenza_japan seed62 ep66 val_pinball=0.0867 best=0.0853
    influenza_japan seed62 ep67 val_pinball=0.0863 best=0.0853
    influenza_japan seed62 ep68 val_pinball=0.0867 best=0.0853
    influenza_japan seed62 ep69 val_pinball=0.0870 best=0.0853
    influenza_japan seed62 ep70 val_pinball=0.0871 best=0.0853
done in 166s; bias_c={3: 0.10000000000000009, 5: 0.050000000000000044, 10: -0.04999999999999982, 15: -0.04999999999999982}

===== ceiling influenza_japan seed72 :: 2026-08-11 02:21:42 =====
    influenza_japan seed72 ep00 val_pinball=0.1259 best=0.1259
    influenza_japan seed72 ep01 val_pinball=0.0999 best=0.0999
    influenza_japan seed72 ep02 val_pinball=0.1014 best=0.0999
    influenza_japan seed72 ep03 val_pinball=0.0979 best=0.0979
    influenza_japan seed72 ep04 val_pinball=0.0902 best=0.0902
    influenza_japan seed72 ep05 val_pinball=0.1035 best=0.0902
    influenza_japan seed72 ep06 val_pinball=0.0920 best=0.0902
    influenza_japan seed72 ep07 val_pinball=0.0981 best=0.0902
    influenza_japan seed72 ep08 val_pinball=0.0953 best=0.0902
    influenza_japan seed72 ep09 val_pinball=0.0938 best=0.0902
    influenza_japan seed72 ep10 val_pinball=0.0886 best=0.0886
    influenza_japan seed72 ep11 val_pinball=0.0911 best=0.0886
    influenza_japan seed72 ep12 val_pinball=0.0968 best=0.0886
    influenza_japan seed72 ep13 val_pinball=0.0897 best=0.0886
    influenza_japan seed72 ep14 val_pinball=0.0885 best=0.0885
    influenza_japan seed72 ep15 val_pinball=0.0917 best=0.0885
    influenza_japan seed72 ep16 val_pinball=0.0955 best=0.0885
    influenza_japan seed72 ep17 val_pinball=0.0948 best=0.0885
    influenza_japan seed72 ep18 val_pinball=0.0920 best=0.0885
    influenza_japan seed72 ep19 val_pinball=0.0902 best=0.0885
    influenza_japan seed72 ep20 val_pinball=0.0914 best=0.0885
    influenza_japan seed72 ep21 val_pinball=0.0963 best=0.0885
    influenza_japan seed72 ep22 val_pinball=0.0944 best=0.0885
    influenza_japan seed72 ep23 val_pinball=0.0892 best=0.0885
    influenza_japan seed72 ep24 val_pinball=0.0924 best=0.0885
    influenza_japan seed72 ep25 val_pinball=0.0876 best=0.0876
    influenza_japan seed72 ep26 val_pinball=0.0900 best=0.0876
    influenza_japan seed72 ep27 val_pinball=0.0942 best=0.0876
    influenza_japan seed72 ep28 val_pinball=0.0894 best=0.0876
    influenza_japan seed72 ep29 val_pinball=0.0878 best=0.0876
    influenza_japan seed72 ep30 val_pinball=0.0876 best=0.0876
    influenza_japan seed72 ep31 val_pinball=0.0906 best=0.0876
    influenza_japan seed72 ep32 val_pinball=0.0906 best=0.0876
    influenza_japan seed72 ep33 val_pinball=0.0876 best=0.0876
    influenza_japan seed72 ep34 val_pinball=0.0908 best=0.0876
    influenza_japan seed72 ep35 val_pinball=0.0895 best=0.0876
    influenza_japan seed72 ep36 val_pinball=0.0892 best=0.0876
    influenza_japan seed72 ep37 val_pinball=0.0898 best=0.0876
    influenza_japan seed72 ep38 val_pinball=0.0879 best=0.0876
    influenza_japan seed72 ep39 val_pinball=0.0861 best=0.0861
    influenza_japan seed72 ep40 val_pinball=0.0868 best=0.0861
    influenza_japan seed72 ep41 val_pinball=0.0897 best=0.0861
    influenza_japan seed72 ep42 val_pinball=0.0894 best=0.0861
    influenza_japan seed72 ep43 val_pinball=0.0884 best=0.0861
    influenza_japan seed72 ep44 val_pinball=0.0883 best=0.0861
    influenza_japan seed72 ep45 val_pinball=0.0892 best=0.0861
    influenza_japan seed72 ep46 val_pinball=0.0874 best=0.0861
    influenza_japan seed72 ep47 val_pinball=0.0900 best=0.0861
    influenza_japan seed72 ep48 val_pinball=0.0877 best=0.0861
    influenza_japan seed72 ep49 val_pinball=0.0877 best=0.0861
    influenza_japan seed72 ep50 val_pinball=0.0871 best=0.0861
    influenza_japan seed72 ep51 val_pinball=0.0881 best=0.0861
    influenza_japan seed72 ep52 val_pinball=0.0881 best=0.0861
    influenza_japan seed72 ep53 val_pinball=0.0917 best=0.0861
    influenza_japan seed72 ep54 val_pinball=0.0858 best=0.0858
    influenza_japan seed72 ep55 val_pinball=0.0867 best=0.0858
    influenza_japan seed72 ep56 val_pinball=0.0893 best=0.0858
    influenza_japan seed72 ep57 val_pinball=0.0852 best=0.0852
    influenza_japan seed72 ep58 val_pinball=0.0882 best=0.0852
    influenza_japan seed72 ep59 val_pinball=0.0881 best=0.0852
    influenza_japan seed72 ep60 val_pinball=0.0877 best=0.0852
    influenza_japan seed72 ep61 val_pinball=0.0880 best=0.0852
    influenza_japan seed72 ep62 val_pinball=0.0868 best=0.0852
    influenza_japan seed72 ep63 val_pinball=0.0871 best=0.0852
    influenza_japan seed72 ep64 val_pinball=0.0879 best=0.0852
    influenza_japan seed72 ep65 val_pinball=0.0869 best=0.0852
    influenza_japan seed72 ep66 val_pinball=0.0864 best=0.0852
    influenza_japan seed72 ep67 val_pinball=0.0866 best=0.0852
    influenza_japan seed72 ep68 val_pinball=0.0868 best=0.0852
    influenza_japan seed72 ep69 val_pinball=0.0861 best=0.0852
    influenza_japan seed72 ep70 val_pinball=0.0868 best=0.0852
    influenza_japan seed72 ep71 val_pinball=0.0868 best=0.0852
    influenza_japan seed72 ep72 val_pinball=0.0870 best=0.0852
done in 170s; bias_c={3: 0.050000000000000044, 5: 0.050000000000000044, 10: -0.04999999999999982, 15: 0.0}

===== ceiling influenza_japan seed82 :: 2026-08-11 02:24:35 =====
    influenza_japan seed82 ep00 val_pinball=0.1399 best=0.1399
    influenza_japan seed82 ep01 val_pinball=0.1064 best=0.1064
    influenza_japan seed82 ep02 val_pinball=0.0930 best=0.0930
    influenza_japan seed82 ep03 val_pinball=0.1068 best=0.0930
    influenza_japan seed82 ep04 val_pinball=0.0979 best=0.0930
    influenza_japan seed82 ep05 val_pinball=0.1032 best=0.0930
    influenza_japan seed82 ep06 val_pinball=0.0955 best=0.0930
    influenza_japan seed82 ep07 val_pinball=0.0943 best=0.0930
    influenza_japan seed82 ep08 val_pinball=0.0913 best=0.0913
    influenza_japan seed82 ep09 val_pinball=0.0933 best=0.0913
    influenza_japan seed82 ep10 val_pinball=0.0925 best=0.0913
    influenza_japan seed82 ep11 val_pinball=0.0923 best=0.0913
    influenza_japan seed82 ep12 val_pinball=0.0873 best=0.0873
    influenza_japan seed82 ep13 val_pinball=0.0956 best=0.0873
    influenza_japan seed82 ep14 val_pinball=0.0928 best=0.0873
    influenza_japan seed82 ep15 val_pinball=0.0942 best=0.0873
    influenza_japan seed82 ep16 val_pinball=0.0906 best=0.0873
    influenza_japan seed82 ep17 val_pinball=0.0944 best=0.0873
    influenza_japan seed82 ep18 val_pinball=0.0892 best=0.0873
    influenza_japan seed82 ep19 val_pinball=0.0888 best=0.0873
    influenza_japan seed82 ep20 val_pinball=0.0914 best=0.0873
    influenza_japan seed82 ep21 val_pinball=0.0947 best=0.0873
    influenza_japan seed82 ep22 val_pinball=0.0873 best=0.0873
    influenza_japan seed82 ep23 val_pinball=0.0931 best=0.0873
    influenza_japan seed82 ep24 val_pinball=0.0880 best=0.0873
    influenza_japan seed82 ep25 val_pinball=0.0915 best=0.0873
    influenza_japan seed82 ep26 val_pinball=0.0867 best=0.0867
    influenza_japan seed82 ep27 val_pinball=0.0867 best=0.0867
    influenza_japan seed82 ep28 val_pinball=0.0875 best=0.0867
    influenza_japan seed82 ep29 val_pinball=0.0890 best=0.0867
    influenza_japan seed82 ep30 val_pinball=0.0872 best=0.0867
    influenza_japan seed82 ep31 val_pinball=0.0886 best=0.0867
    influenza_japan seed82 ep32 val_pinball=0.0891 best=0.0867
    influenza_japan seed82 ep33 val_pinball=0.0872 best=0.0867
    influenza_japan seed82 ep34 val_pinball=0.0878 best=0.0867
    influenza_japan seed82 ep35 val_pinball=0.0871 best=0.0867
    influenza_japan seed82 ep36 val_pinball=0.0870 best=0.0867
    influenza_japan seed82 ep37 val_pinball=0.0907 best=0.0867
    influenza_japan seed82 ep38 val_pinball=0.0899 best=0.0867
    influenza_japan seed82 ep39 val_pinball=0.0874 best=0.0867
    influenza_japan seed82 ep40 val_pinball=0.0903 best=0.0867
    influenza_japan seed82 ep41 val_pinball=0.0876 best=0.0867
done in 98s; bias_c={3: 0.15000000000000013, 5: 0.10000000000000009, 10: 0.0, 15: -0.09999999999999987}

===== ceiling influenza_us-regions seed42 :: 2026-08-11 02:26:16 =====
    influenza_us-regions seed42 ep00 val_pinball=0.1118 best=0.1118
    influenza_us-regions seed42 ep01 val_pinball=0.0960 best=0.0960
    influenza_us-regions seed42 ep02 val_pinball=0.0972 best=0.0960
    influenza_us-regions seed42 ep03 val_pinball=0.0898 best=0.0898
    influenza_us-regions seed42 ep04 val_pinball=0.0979 best=0.0898
    influenza_us-regions seed42 ep05 val_pinball=0.0976 best=0.0898
    influenza_us-regions seed42 ep06 val_pinball=0.0904 best=0.0898
    influenza_us-regions seed42 ep07 val_pinball=0.1003 best=0.0898
    influenza_us-regions seed42 ep08 val_pinball=0.0907 best=0.0898
    influenza_us-regions seed42 ep09 val_pinball=0.0942 best=0.0898
    influenza_us-regions seed42 ep10 val_pinball=0.0881 best=0.0881
    influenza_us-regions seed42 ep11 val_pinball=0.1006 best=0.0881
    influenza_us-regions seed42 ep12 val_pinball=0.1008 best=0.0881
    influenza_us-regions seed42 ep13 val_pinball=0.0955 best=0.0881
    influenza_us-regions seed42 ep14 val_pinball=0.1043 best=0.0881
    influenza_us-regions seed42 ep15 val_pinball=0.1223 best=0.0881
    influenza_us-regions seed42 ep16 val_pinball=0.0976 best=0.0881
    influenza_us-regions seed42 ep17 val_pinball=0.1118 best=0.0881
    influenza_us-regions seed42 ep18 val_pinball=0.1228 best=0.0881
    influenza_us-regions seed42 ep19 val_pinball=0.0977 best=0.0881
    influenza_us-regions seed42 ep20 val_pinball=0.1236 best=0.0881
    influenza_us-regions seed42 ep21 val_pinball=0.1345 best=0.0881
    influenza_us-regions seed42 ep22 val_pinball=0.1082 best=0.0881
    influenza_us-regions seed42 ep23 val_pinball=0.1100 best=0.0881
    influenza_us-regions seed42 ep24 val_pinball=0.1263 best=0.0881
    influenza_us-regions seed42 ep25 val_pinball=0.1277 best=0.0881
done in 143s; bias_c={3: 0.20000000000000018, 5: 0.20000000000000018, 10: -0.04999999999999982, 15: -0.1499999999999999}

===== ceiling influenza_us-regions seed52 :: 2026-08-11 02:28:42 =====
    influenza_us-regions seed52 ep00 val_pinball=0.1223 best=0.1223
    influenza_us-regions seed52 ep01 val_pinball=0.1135 best=0.1135
    influenza_us-regions seed52 ep02 val_pinball=0.0994 best=0.0994
    influenza_us-regions seed52 ep03 val_pinball=0.0858 best=0.0858
    influenza_us-regions seed52 ep04 val_pinball=0.1171 best=0.0858
    influenza_us-regions seed52 ep05 val_pinball=0.1027 best=0.0858
    influenza_us-regions seed52 ep06 val_pinball=0.1019 best=0.0858
    influenza_us-regions seed52 ep07 val_pinball=0.0911 best=0.0858
    influenza_us-regions seed52 ep08 val_pinball=0.0906 best=0.0858
    influenza_us-regions seed52 ep09 val_pinball=0.0987 best=0.0858
    influenza_us-regions seed52 ep10 val_pinball=0.0918 best=0.0858
    influenza_us-regions seed52 ep11 val_pinball=0.1049 best=0.0858
    influenza_us-regions seed52 ep12 val_pinball=0.0948 best=0.0858
    influenza_us-regions seed52 ep13 val_pinball=0.1686 best=0.0858
    influenza_us-regions seed52 ep14 val_pinball=0.1295 best=0.0858
    influenza_us-regions seed52 ep15 val_pinball=0.1055 best=0.0858
    influenza_us-regions seed52 ep16 val_pinball=0.1323 best=0.0858
    influenza_us-regions seed52 ep17 val_pinball=0.1081 best=0.0858
    influenza_us-regions seed52 ep18 val_pinball=0.1130 best=0.0858
done in 105s; bias_c={3: 0.20000000000000018, 5: 0.20000000000000018, 10: 0.25, 15: 0.25}

===== ceiling influenza_us-regions seed62 :: 2026-08-11 02:30:29 =====
    influenza_us-regions seed62 ep00 val_pinball=0.0981 best=0.0981
    influenza_us-regions seed62 ep01 val_pinball=0.1043 best=0.0981
    influenza_us-regions seed62 ep02 val_pinball=0.0813 best=0.0813
    influenza_us-regions seed62 ep03 val_pinball=0.0952 best=0.0813
    influenza_us-regions seed62 ep04 val_pinball=0.0883 best=0.0813
    influenza_us-regions seed62 ep05 val_pinball=0.0914 best=0.0813
    influenza_us-regions seed62 ep06 val_pinball=0.1037 best=0.0813
    influenza_us-regions seed62 ep07 val_pinball=0.1015 best=0.0813
    influenza_us-regions seed62 ep08 val_pinball=0.0930 best=0.0813
    influenza_us-regions seed62 ep09 val_pinball=0.0908 best=0.0813
    influenza_us-regions seed62 ep10 val_pinball=0.0862 best=0.0813
    influenza_us-regions seed62 ep11 val_pinball=0.1115 best=0.0813
    influenza_us-regions seed62 ep12 val_pinball=0.1060 best=0.0813
    influenza_us-regions seed62 ep13 val_pinball=0.0932 best=0.0813
    influenza_us-regions seed62 ep14 val_pinball=0.1043 best=0.0813
    influenza_us-regions seed62 ep15 val_pinball=0.1111 best=0.0813
    influenza_us-regions seed62 ep16 val_pinball=0.1031 best=0.0813
    influenza_us-regions seed62 ep17 val_pinball=0.1255 best=0.0813
done in 100s; bias_c={3: 0.0, 5: 0.10000000000000009, 10: 0.10000000000000009, 15: 0.15000000000000013}

===== ceiling influenza_us-regions seed72 :: 2026-08-11 02:32:12 =====
    influenza_us-regions seed72 ep00 val_pinball=0.1018 best=0.1018
    influenza_us-regions seed72 ep01 val_pinball=0.1150 best=0.1018
    influenza_us-regions seed72 ep02 val_pinball=0.0907 best=0.0907
    influenza_us-regions seed72 ep03 val_pinball=0.0977 best=0.0907
    influenza_us-regions seed72 ep04 val_pinball=0.1076 best=0.0907
    influenza_us-regions seed72 ep05 val_pinball=0.0914 best=0.0907
    influenza_us-regions seed72 ep06 val_pinball=0.0960 best=0.0907
    influenza_us-regions seed72 ep07 val_pinball=0.0983 best=0.0907
    influenza_us-regions seed72 ep08 val_pinball=0.0913 best=0.0907
    influenza_us-regions seed72 ep09 val_pinball=0.0968 best=0.0907
    influenza_us-regions seed72 ep10 val_pinball=0.1303 best=0.0907
    influenza_us-regions seed72 ep11 val_pinball=0.0851 best=0.0851
    influenza_us-regions seed72 ep12 val_pinball=0.0927 best=0.0851
    influenza_us-regions seed72 ep13 val_pinball=0.1075 best=0.0851
    influenza_us-regions seed72 ep14 val_pinball=0.1173 best=0.0851
    influenza_us-regions seed72 ep15 val_pinball=0.1084 best=0.0851
    influenza_us-regions seed72 ep16 val_pinball=0.1285 best=0.0851
    influenza_us-regions seed72 ep17 val_pinball=0.1409 best=0.0851
    influenza_us-regions seed72 ep18 val_pinball=0.1297 best=0.0851
    influenza_us-regions seed72 ep19 val_pinball=0.1170 best=0.0851
    influenza_us-regions seed72 ep20 val_pinball=0.1125 best=0.0851
    influenza_us-regions seed72 ep21 val_pinball=0.1300 best=0.0851
    influenza_us-regions seed72 ep22 val_pinball=0.1277 best=0.0851
    influenza_us-regions seed72 ep23 val_pinball=0.1311 best=0.0851
    influenza_us-regions seed72 ep24 val_pinball=0.1202 best=0.0851
    influenza_us-regions seed72 ep25 val_pinball=0.1172 best=0.0851
    influenza_us-regions seed72 ep26 val_pinball=0.1165 best=0.0851
done in 147s; bias_c={3: 0.0, 5: 0.0, 10: -0.19999999999999996, 15: -0.04999999999999982}

===== ceiling influenza_us-regions seed82 :: 2026-08-11 02:34:42 =====
    influenza_us-regions seed82 ep00 val_pinball=0.1255 best=0.1255
    influenza_us-regions seed82 ep01 val_pinball=0.0997 best=0.0997
    influenza_us-regions seed82 ep02 val_pinball=0.0973 best=0.0973
    influenza_us-regions seed82 ep03 val_pinball=0.0975 best=0.0973
    influenza_us-regions seed82 ep04 val_pinball=0.1068 best=0.0973
    influenza_us-regions seed82 ep05 val_pinball=0.0936 best=0.0936
    influenza_us-regions seed82 ep06 val_pinball=0.0918 best=0.0918
    influenza_us-regions seed82 ep07 val_pinball=0.0990 best=0.0918
    influenza_us-regions seed82 ep08 val_pinball=0.0965 best=0.0918
    influenza_us-regions seed82 ep09 val_pinball=0.1032 best=0.0918
    influenza_us-regions seed82 ep10 val_pinball=0.0871 best=0.0871
    influenza_us-regions seed82 ep11 val_pinball=0.1055 best=0.0871
    influenza_us-regions seed82 ep12 val_pinball=0.1268 best=0.0871
    influenza_us-regions seed82 ep13 val_pinball=0.1020 best=0.0871
    influenza_us-regions seed82 ep14 val_pinball=0.1189 best=0.0871
    influenza_us-regions seed82 ep15 val_pinball=0.1193 best=0.0871
    influenza_us-regions seed82 ep16 val_pinball=0.1294 best=0.0871
    influenza_us-regions seed82 ep17 val_pinball=0.1045 best=0.0871
    influenza_us-regions seed82 ep18 val_pinball=0.1215 best=0.0871
    influenza_us-regions seed82 ep19 val_pinball=0.1148 best=0.0871
    influenza_us-regions seed82 ep20 val_pinball=0.1133 best=0.0871
    influenza_us-regions seed82 ep21 val_pinball=0.1181 best=0.0871
    influenza_us-regions seed82 ep22 val_pinball=0.0998 best=0.0871
    influenza_us-regions seed82 ep23 val_pinball=0.1272 best=0.0871
    influenza_us-regions seed82 ep24 val_pinball=0.1169 best=0.0871
    influenza_us-regions seed82 ep25 val_pinball=0.1225 best=0.0871
done in 142s; bias_c={3: 0.050000000000000044, 5: 0.050000000000000044, 10: -0.09999999999999987, 15: -0.09999999999999987}

===== ceiling influenza_us-states seed42 :: 2026-08-11 02:37:07 =====
    influenza_us-states seed42 ep00 val_pinball=0.1994 best=0.1994
    influenza_us-states seed42 ep01 val_pinball=0.1780 best=0.1780
    influenza_us-states seed42 ep02 val_pinball=0.1682 best=0.1682
    influenza_us-states seed42 ep03 val_pinball=0.1752 best=0.1682
    influenza_us-states seed42 ep04 val_pinball=0.1601 best=0.1601
    influenza_us-states seed42 ep05 val_pinball=0.1587 best=0.1587
    influenza_us-states seed42 ep06 val_pinball=0.1674 best=0.1587
    influenza_us-states seed42 ep07 val_pinball=0.1573 best=0.1573
    influenza_us-states seed42 ep08 val_pinball=0.1662 best=0.1573
    influenza_us-states seed42 ep09 val_pinball=0.1642 best=0.1573
    influenza_us-states seed42 ep10 val_pinball=0.1578 best=0.1573
    influenza_us-states seed42 ep11 val_pinball=0.1575 best=0.1573
    influenza_us-states seed42 ep12 val_pinball=0.1588 best=0.1573
    influenza_us-states seed42 ep13 val_pinball=0.1576 best=0.1573
    influenza_us-states seed42 ep14 val_pinball=0.1575 best=0.1573
    influenza_us-states seed42 ep15 val_pinball=0.1641 best=0.1573
    influenza_us-states seed42 ep16 val_pinball=0.1617 best=0.1573
    influenza_us-states seed42 ep17 val_pinball=0.1571 best=0.1571
    influenza_us-states seed42 ep18 val_pinball=0.1556 best=0.1556
    influenza_us-states seed42 ep19 val_pinball=0.1556 best=0.1556
    influenza_us-states seed42 ep20 val_pinball=0.1531 best=0.1531
    influenza_us-states seed42 ep21 val_pinball=0.1543 best=0.1531
    influenza_us-states seed42 ep22 val_pinball=0.1563 best=0.1531
    influenza_us-states seed42 ep23 val_pinball=0.1532 best=0.1531
    influenza_us-states seed42 ep24 val_pinball=0.1524 best=0.1524
    influenza_us-states seed42 ep25 val_pinball=0.1540 best=0.1524
    influenza_us-states seed42 ep26 val_pinball=0.1587 best=0.1524
    influenza_us-states seed42 ep27 val_pinball=0.1567 best=0.1524
    influenza_us-states seed42 ep28 val_pinball=0.1551 best=0.1524
    influenza_us-states seed42 ep29 val_pinball=0.1528 best=0.1524
    influenza_us-states seed42 ep30 val_pinball=0.1539 best=0.1524
    influenza_us-states seed42 ep31 val_pinball=0.1552 best=0.1524
    influenza_us-states seed42 ep32 val_pinball=0.1530 best=0.1524
    influenza_us-states seed42 ep33 val_pinball=0.1549 best=0.1524
    influenza_us-states seed42 ep34 val_pinball=0.1526 best=0.1524
    influenza_us-states seed42 ep35 val_pinball=0.1561 best=0.1524
    influenza_us-states seed42 ep36 val_pinball=0.1540 best=0.1524
    influenza_us-states seed42 ep37 val_pinball=0.1520 best=0.1520
    influenza_us-states seed42 ep38 val_pinball=0.1533 best=0.1520
    influenza_us-states seed42 ep39 val_pinball=0.1534 best=0.1520
    influenza_us-states seed42 ep40 val_pinball=0.1528 best=0.1520
    influenza_us-states seed42 ep41 val_pinball=0.1588 best=0.1520
    influenza_us-states seed42 ep42 val_pinball=0.1553 best=0.1520
    influenza_us-states seed42 ep43 val_pinball=0.1538 best=0.1520
    influenza_us-states seed42 ep44 val_pinball=0.1599 best=0.1520
    influenza_us-states seed42 ep45 val_pinball=0.1545 best=0.1520
    influenza_us-states seed42 ep46 val_pinball=0.1549 best=0.1520
    influenza_us-states seed42 ep47 val_pinball=0.1571 best=0.1520
    influenza_us-states seed42 ep48 val_pinball=0.1580 best=0.1520
    influenza_us-states seed42 ep49 val_pinball=0.1550 best=0.1520
    influenza_us-states seed42 ep50 val_pinball=0.1551 best=0.1520
    influenza_us-states seed42 ep51 val_pinball=0.1548 best=0.1520
    influenza_us-states seed42 ep52 val_pinball=0.1564 best=0.1520
done in 129s; bias_c={3: 0.25, 5: 0.20000000000000018, 10: 0.30000000000000004, 15: 0.30000000000000004}

===== ceiling influenza_us-states seed52 :: 2026-08-11 02:39:19 =====
    influenza_us-states seed52 ep00 val_pinball=0.2100 best=0.2100
    influenza_us-states seed52 ep01 val_pinball=0.1724 best=0.1724
    influenza_us-states seed52 ep02 val_pinball=0.1722 best=0.1722
    influenza_us-states seed52 ep03 val_pinball=0.1632 best=0.1632
    influenza_us-states seed52 ep04 val_pinball=0.1604 best=0.1604
    influenza_us-states seed52 ep05 val_pinball=0.1678 best=0.1604
    influenza_us-states seed52 ep06 val_pinball=0.1759 best=0.1604
    influenza_us-states seed52 ep07 val_pinball=0.1575 best=0.1575
    influenza_us-states seed52 ep08 val_pinball=0.1633 best=0.1575
    influenza_us-states seed52 ep09 val_pinball=0.1625 best=0.1575
    influenza_us-states seed52 ep10 val_pinball=0.1643 best=0.1575
    influenza_us-states seed52 ep11 val_pinball=0.1604 best=0.1575
    influenza_us-states seed52 ep12 val_pinball=0.1625 best=0.1575
    influenza_us-states seed52 ep13 val_pinball=0.1686 best=0.1575
    influenza_us-states seed52 ep14 val_pinball=0.1640 best=0.1575
    influenza_us-states seed52 ep15 val_pinball=0.1626 best=0.1575
    influenza_us-states seed52 ep16 val_pinball=0.1546 best=0.1546
    influenza_us-states seed52 ep17 val_pinball=0.1618 best=0.1546
    influenza_us-states seed52 ep18 val_pinball=0.1596 best=0.1546
    influenza_us-states seed52 ep19 val_pinball=0.1611 best=0.1546
    influenza_us-states seed52 ep20 val_pinball=0.1572 best=0.1546
    influenza_us-states seed52 ep21 val_pinball=0.1560 best=0.1546
    influenza_us-states seed52 ep22 val_pinball=0.1550 best=0.1546
    influenza_us-states seed52 ep23 val_pinball=0.1591 best=0.1546
    influenza_us-states seed52 ep24 val_pinball=0.1592 best=0.1546
    influenza_us-states seed52 ep25 val_pinball=0.1600 best=0.1546
    influenza_us-states seed52 ep26 val_pinball=0.1546 best=0.1546
    influenza_us-states seed52 ep27 val_pinball=0.1551 best=0.1546
    influenza_us-states seed52 ep28 val_pinball=0.1548 best=0.1546
    influenza_us-states seed52 ep29 val_pinball=0.1605 best=0.1546
    influenza_us-states seed52 ep30 val_pinball=0.1562 best=0.1546
    influenza_us-states seed52 ep31 val_pinball=0.1617 best=0.1546
    influenza_us-states seed52 ep32 val_pinball=0.1635 best=0.1546
    influenza_us-states seed52 ep33 val_pinball=0.1544 best=0.1544
    influenza_us-states seed52 ep34 val_pinball=0.1551 best=0.1544
    influenza_us-states seed52 ep35 val_pinball=0.1560 best=0.1544
    influenza_us-states seed52 ep36 val_pinball=0.1541 best=0.1541
    influenza_us-states seed52 ep37 val_pinball=0.1554 best=0.1541
    influenza_us-states seed52 ep38 val_pinball=0.1568 best=0.1541
    influenza_us-states seed52 ep39 val_pinball=0.1588 best=0.1541
    influenza_us-states seed52 ep40 val_pinball=0.1592 best=0.1541
    influenza_us-states seed52 ep41 val_pinball=0.1584 best=0.1541
    influenza_us-states seed52 ep42 val_pinball=0.1572 best=0.1541
    influenza_us-states seed52 ep43 val_pinball=0.1552 best=0.1541
    influenza_us-states seed52 ep44 val_pinball=0.1572 best=0.1541
    influenza_us-states seed52 ep45 val_pinball=0.1557 best=0.1541
    influenza_us-states seed52 ep46 val_pinball=0.1595 best=0.1541
    influenza_us-states seed52 ep47 val_pinball=0.1589 best=0.1541
    influenza_us-states seed52 ep48 val_pinball=0.1563 best=0.1541
    influenza_us-states seed52 ep49 val_pinball=0.1592 best=0.1541
    influenza_us-states seed52 ep50 val_pinball=0.1570 best=0.1541
    influenza_us-states seed52 ep51 val_pinball=0.1573 best=0.1541
done in 127s; bias_c={3: 0.15000000000000013, 5: 0.25, 10: 0.40000000000000013, 15: 0.4500000000000002}

===== ceiling influenza_us-states seed62 :: 2026-08-11 02:41:29 =====
    influenza_us-states seed62 ep00 val_pinball=0.2051 best=0.2051
    influenza_us-states seed62 ep01 val_pinball=0.1814 best=0.1814
    influenza_us-states seed62 ep02 val_pinball=0.1667 best=0.1667
    influenza_us-states seed62 ep03 val_pinball=0.1662 best=0.1662
    influenza_us-states seed62 ep04 val_pinball=0.1661 best=0.1661
    influenza_us-states seed62 ep05 val_pinball=0.1687 best=0.1661
    influenza_us-states seed62 ep06 val_pinball=0.1603 best=0.1603
    influenza_us-states seed62 ep07 val_pinball=0.1599 best=0.1599
    influenza_us-states seed62 ep08 val_pinball=0.1611 best=0.1599
    influenza_us-states seed62 ep09 val_pinball=0.1612 best=0.1599
    influenza_us-states seed62 ep10 val_pinball=0.1630 best=0.1599
    influenza_us-states seed62 ep11 val_pinball=0.1604 best=0.1599
    influenza_us-states seed62 ep12 val_pinball=0.1569 best=0.1569
    influenza_us-states seed62 ep13 val_pinball=0.1586 best=0.1569
    influenza_us-states seed62 ep14 val_pinball=0.1608 best=0.1569
    influenza_us-states seed62 ep15 val_pinball=0.1617 best=0.1569
    influenza_us-states seed62 ep16 val_pinball=0.1560 best=0.1560
    influenza_us-states seed62 ep17 val_pinball=0.1587 best=0.1560
    influenza_us-states seed62 ep18 val_pinball=0.1518 best=0.1518
    influenza_us-states seed62 ep19 val_pinball=0.1588 best=0.1518
    influenza_us-states seed62 ep20 val_pinball=0.1644 best=0.1518
    influenza_us-states seed62 ep21 val_pinball=0.1596 best=0.1518
    influenza_us-states seed62 ep22 val_pinball=0.1547 best=0.1518
    influenza_us-states seed62 ep23 val_pinball=0.1538 best=0.1518
    influenza_us-states seed62 ep24 val_pinball=0.1593 best=0.1518
    influenza_us-states seed62 ep25 val_pinball=0.1543 best=0.1518
    influenza_us-states seed62 ep26 val_pinball=0.1552 best=0.1518
    influenza_us-states seed62 ep27 val_pinball=0.1530 best=0.1518
    influenza_us-states seed62 ep28 val_pinball=0.1588 best=0.1518
    influenza_us-states seed62 ep29 val_pinball=0.1577 best=0.1518
    influenza_us-states seed62 ep30 val_pinball=0.1523 best=0.1518
    influenza_us-states seed62 ep31 val_pinball=0.1530 best=0.1518
    influenza_us-states seed62 ep32 val_pinball=0.1557 best=0.1518
    influenza_us-states seed62 ep33 val_pinball=0.1541 best=0.1518
done in 84s; bias_c={3: 0.10000000000000009, 5: 0.15000000000000013, 10: 0.30000000000000004, 15: 0.30000000000000004}

===== ceiling influenza_us-states seed72 :: 2026-08-11 02:42:56 =====
    influenza_us-states seed72 ep00 val_pinball=0.1934 best=0.1934
    influenza_us-states seed72 ep01 val_pinball=0.1858 best=0.1858
    influenza_us-states seed72 ep02 val_pinball=0.1728 best=0.1728
    influenza_us-states seed72 ep03 val_pinball=0.1636 best=0.1636
    influenza_us-states seed72 ep04 val_pinball=0.1715 best=0.1636
    influenza_us-states seed72 ep05 val_pinball=0.1609 best=0.1609
    influenza_us-states seed72 ep06 val_pinball=0.1630 best=0.1609
    influenza_us-states seed72 ep07 val_pinball=0.1616 best=0.1609
    influenza_us-states seed72 ep08 val_pinball=0.1626 best=0.1609
    influenza_us-states seed72 ep09 val_pinball=0.1610 best=0.1609
    influenza_us-states seed72 ep10 val_pinball=0.1618 best=0.1609
    influenza_us-states seed72 ep11 val_pinball=0.1574 best=0.1574
    influenza_us-states seed72 ep12 val_pinball=0.1683 best=0.1574
    influenza_us-states seed72 ep13 val_pinball=0.1562 best=0.1562
    influenza_us-states seed72 ep14 val_pinball=0.1608 best=0.1562
    influenza_us-states seed72 ep15 val_pinball=0.1577 best=0.1562
    influenza_us-states seed72 ep16 val_pinball=0.1607 best=0.1562
    influenza_us-states seed72 ep17 val_pinball=0.1578 best=0.1562
    influenza_us-states seed72 ep18 val_pinball=0.1555 best=0.1555
    influenza_us-states seed72 ep19 val_pinball=0.1687 best=0.1555
    influenza_us-states seed72 ep20 val_pinball=0.1588 best=0.1555
    influenza_us-states seed72 ep21 val_pinball=0.1577 best=0.1555
    influenza_us-states seed72 ep22 val_pinball=0.1594 best=0.1555
    influenza_us-states seed72 ep23 val_pinball=0.1531 best=0.1531
    influenza_us-states seed72 ep24 val_pinball=0.1570 best=0.1531
    influenza_us-states seed72 ep25 val_pinball=0.1557 best=0.1531
    influenza_us-states seed72 ep26 val_pinball=0.1578 best=0.1531
    influenza_us-states seed72 ep27 val_pinball=0.1549 best=0.1531
    influenza_us-states seed72 ep28 val_pinball=0.1603 best=0.1531
    influenza_us-states seed72 ep29 val_pinball=0.1533 best=0.1531
    influenza_us-states seed72 ep30 val_pinball=0.1555 best=0.1531
    influenza_us-states seed72 ep31 val_pinball=0.1544 best=0.1531
    influenza_us-states seed72 ep32 val_pinball=0.1559 best=0.1531
    influenza_us-states seed72 ep33 val_pinball=0.1530 best=0.1530
    influenza_us-states seed72 ep34 val_pinball=0.1584 best=0.1530
    influenza_us-states seed72 ep35 val_pinball=0.1584 best=0.1530
    influenza_us-states seed72 ep36 val_pinball=0.1606 best=0.1530
    influenza_us-states seed72 ep37 val_pinball=0.1557 best=0.1530
    influenza_us-states seed72 ep38 val_pinball=0.1567 best=0.1530
    influenza_us-states seed72 ep39 val_pinball=0.1605 best=0.1530
    influenza_us-states seed72 ep40 val_pinball=0.1524 best=0.1524
    influenza_us-states seed72 ep41 val_pinball=0.1544 best=0.1524
    influenza_us-states seed72 ep42 val_pinball=0.1537 best=0.1524
    influenza_us-states seed72 ep43 val_pinball=0.1544 best=0.1524
    influenza_us-states seed72 ep44 val_pinball=0.1568 best=0.1524
    influenza_us-states seed72 ep45 val_pinball=0.1553 best=0.1524
    influenza_us-states seed72 ep46 val_pinball=0.1580 best=0.1524
    influenza_us-states seed72 ep47 val_pinball=0.1560 best=0.1524
    influenza_us-states seed72 ep48 val_pinball=0.1544 best=0.1524
    influenza_us-states seed72 ep49 val_pinball=0.1571 best=0.1524
    influenza_us-states seed72 ep50 val_pinball=0.1581 best=0.1524
    influenza_us-states seed72 ep51 val_pinball=0.1564 best=0.1524
    influenza_us-states seed72 ep52 val_pinball=0.1557 best=0.1524
    influenza_us-states seed72 ep53 val_pinball=0.1553 best=0.1524
    influenza_us-states seed72 ep54 val_pinball=0.1582 best=0.1524
    influenza_us-states seed72 ep55 val_pinball=0.1584 best=0.1524
done in 136s; bias_c={3: 0.15000000000000013, 5: 0.20000000000000018, 10: 0.30000000000000004, 15: 0.30000000000000004}

===== ceiling influenza_us-states seed82 :: 2026-08-11 02:45:15 =====
    influenza_us-states seed82 ep00 val_pinball=0.1995 best=0.1995
    influenza_us-states seed82 ep01 val_pinball=0.1853 best=0.1853
    influenza_us-states seed82 ep02 val_pinball=0.1767 best=0.1767
    influenza_us-states seed82 ep03 val_pinball=0.1666 best=0.1666
    influenza_us-states seed82 ep04 val_pinball=0.1650 best=0.1650
    influenza_us-states seed82 ep05 val_pinball=0.1644 best=0.1644
    influenza_us-states seed82 ep06 val_pinball=0.1593 best=0.1593
    influenza_us-states seed82 ep07 val_pinball=0.1754 best=0.1593
    influenza_us-states seed82 ep08 val_pinball=0.1652 best=0.1593
    influenza_us-states seed82 ep09 val_pinball=0.1582 best=0.1582
    influenza_us-states seed82 ep10 val_pinball=0.1625 best=0.1582
    influenza_us-states seed82 ep11 val_pinball=0.1607 best=0.1582
    influenza_us-states seed82 ep12 val_pinball=0.1573 best=0.1573
    influenza_us-states seed82 ep13 val_pinball=0.1635 best=0.1573
    influenza_us-states seed82 ep14 val_pinball=0.1555 best=0.1555
    influenza_us-states seed82 ep15 val_pinball=0.1609 best=0.1555
    influenza_us-states seed82 ep16 val_pinball=0.1635 best=0.1555
    influenza_us-states seed82 ep17 val_pinball=0.1556 best=0.1555
    influenza_us-states seed82 ep18 val_pinball=0.1576 best=0.1555
    influenza_us-states seed82 ep19 val_pinball=0.1653 best=0.1555
    influenza_us-states seed82 ep20 val_pinball=0.1621 best=0.1555
    influenza_us-states seed82 ep21 val_pinball=0.1570 best=0.1555
    influenza_us-states seed82 ep22 val_pinball=0.1539 best=0.1539
    influenza_us-states seed82 ep23 val_pinball=0.1575 best=0.1539
    influenza_us-states seed82 ep24 val_pinball=0.1564 best=0.1539
    influenza_us-states seed82 ep25 val_pinball=0.1578 best=0.1539
    influenza_us-states seed82 ep26 val_pinball=0.1554 best=0.1539
    influenza_us-states seed82 ep27 val_pinball=0.1578 best=0.1539
    influenza_us-states seed82 ep28 val_pinball=0.1598 best=0.1539
    influenza_us-states seed82 ep29 val_pinball=0.1633 best=0.1539
    influenza_us-states seed82 ep30 val_pinball=0.1637 best=0.1539
    influenza_us-states seed82 ep31 val_pinball=0.1592 best=0.1539
    influenza_us-states seed82 ep32 val_pinball=0.1536 best=0.1536
    influenza_us-states seed82 ep33 val_pinball=0.1553 best=0.1536
    influenza_us-states seed82 ep34 val_pinball=0.1544 best=0.1536
    influenza_us-states seed82 ep35 val_pinball=0.1587 best=0.1536
    influenza_us-states seed82 ep36 val_pinball=0.1556 best=0.1536
    influenza_us-states seed82 ep37 val_pinball=0.1562 best=0.1536
    influenza_us-states seed82 ep38 val_pinball=0.1552 best=0.1536
    influenza_us-states seed82 ep39 val_pinball=0.1579 best=0.1536
    influenza_us-states seed82 ep40 val_pinball=0.1543 best=0.1536
    influenza_us-states seed82 ep41 val_pinball=0.1550 best=0.1536
    influenza_us-states seed82 ep42 val_pinball=0.1573 best=0.1536
    influenza_us-states seed82 ep43 val_pinball=0.1573 best=0.1536
    influenza_us-states seed82 ep44 val_pinball=0.1557 best=0.1536
    influenza_us-states seed82 ep45 val_pinball=0.1544 best=0.1536
    influenza_us-states seed82 ep46 val_pinball=0.1551 best=0.1536
    influenza_us-states seed82 ep47 val_pinball=0.1558 best=0.1536
done in 116s; bias_c={3: 0.10000000000000009, 5: 0.20000000000000018, 10: 0.40000000000000013, 15: 0.40000000000000013}

===== ceiling dengue seed42 :: 2026-08-11 02:47:14 =====
    dengue seed42 ep00 val_pinball=0.2222 best=0.2222
    dengue seed42 ep01 val_pinball=0.2157 best=0.2157
    dengue seed42 ep02 val_pinball=0.2111 best=0.2111
    dengue seed42 ep03 val_pinball=0.2099 best=0.2099
    dengue seed42 ep04 val_pinball=0.2118 best=0.2099
    dengue seed42 ep05 val_pinball=0.2065 best=0.2065
    dengue seed42 ep06 val_pinball=0.2043 best=0.2043
    dengue seed42 ep07 val_pinball=0.2030 best=0.2030
    dengue seed42 ep08 val_pinball=0.2006 best=0.2006
    dengue seed42 ep09 val_pinball=0.2022 best=0.2006
    dengue seed42 ep10 val_pinball=0.2018 best=0.2006
    dengue seed42 ep11 val_pinball=0.2005 best=0.2005
    dengue seed42 ep12 val_pinball=0.2025 best=0.2005
    dengue seed42 ep13 val_pinball=0.2019 best=0.2005
    dengue seed42 ep14 val_pinball=0.2023 best=0.2005
    dengue seed42 ep15 val_pinball=0.2014 best=0.2005
    dengue seed42 ep16 val_pinball=0.2023 best=0.2005
    dengue seed42 ep17 val_pinball=0.1990 best=0.1990
    dengue seed42 ep18 val_pinball=0.1995 best=0.1990
    dengue seed42 ep19 val_pinball=0.1994 best=0.1990
    dengue seed42 ep20 val_pinball=0.2021 best=0.1990
    dengue seed42 ep21 val_pinball=0.2003 best=0.1990
    dengue seed42 ep22 val_pinball=0.2005 best=0.1990
    dengue seed42 ep23 val_pinball=0.1981 best=0.1981
    dengue seed42 ep24 val_pinball=0.2006 best=0.1981
    dengue seed42 ep25 val_pinball=0.1979 best=0.1979
    dengue seed42 ep26 val_pinball=0.1983 best=0.1979
    dengue seed42 ep27 val_pinball=0.1975 best=0.1975
    dengue seed42 ep28 val_pinball=0.2019 best=0.1975
    dengue seed42 ep29 val_pinball=0.1974 best=0.1974
    dengue seed42 ep30 val_pinball=0.1969 best=0.1969
    dengue seed42 ep31 val_pinball=0.1988 best=0.1969
    dengue seed42 ep32 val_pinball=0.1981 best=0.1969
    dengue seed42 ep33 val_pinball=0.1974 best=0.1969
    dengue seed42 ep34 val_pinball=0.1967 best=0.1967
    dengue seed42 ep35 val_pinball=0.1973 best=0.1967
    dengue seed42 ep36 val_pinball=0.1977 best=0.1967
    dengue seed42 ep37 val_pinball=0.1970 best=0.1967
    dengue seed42 ep38 val_pinball=0.1973 best=0.1967
    dengue seed42 ep39 val_pinball=0.1968 best=0.1967
    dengue seed42 ep40 val_pinball=0.1966 best=0.1967
    dengue seed42 ep41 val_pinball=0.1961 best=0.1961
    dengue seed42 ep42 val_pinball=0.1971 best=0.1961
    dengue seed42 ep43 val_pinball=0.1974 best=0.1961
    dengue seed42 ep44 val_pinball=0.1966 best=0.1961
    dengue seed42 ep45 val_pinball=0.1958 best=0.1958
    dengue seed42 ep46 val_pinball=0.1964 best=0.1958
    dengue seed42 ep47 val_pinball=0.1949 best=0.1949
    dengue seed42 ep48 val_pinball=0.1954 best=0.1949
    dengue seed42 ep49 val_pinball=0.1967 best=0.1949
    dengue seed42 ep50 val_pinball=0.1951 best=0.1949
    dengue seed42 ep51 val_pinball=0.1969 best=0.1949
    dengue seed42 ep52 val_pinball=0.1945 best=0.1945
    dengue seed42 ep53 val_pinball=0.1950 best=0.1945
    dengue seed42 ep54 val_pinball=0.1951 best=0.1945
    dengue seed42 ep55 val_pinball=0.1957 best=0.1945
    dengue seed42 ep56 val_pinball=0.1950 best=0.1945
    dengue seed42 ep57 val_pinball=0.1956 best=0.1945
    dengue seed42 ep58 val_pinball=0.1961 best=0.1945
    dengue seed42 ep59 val_pinball=0.1951 best=0.1945
    dengue seed42 ep60 val_pinball=0.1957 best=0.1945
    dengue seed42 ep61 val_pinball=0.1951 best=0.1945
    dengue seed42 ep62 val_pinball=0.1950 best=0.1945
    dengue seed42 ep63 val_pinball=0.1955 best=0.1945
    dengue seed42 ep64 val_pinball=0.1945 best=0.1945
    dengue seed42 ep65 val_pinball=0.1948 best=0.1945
    dengue seed42 ep66 val_pinball=0.1950 best=0.1945
    dengue seed42 ep67 val_pinball=0.1956 best=0.1945
    dengue seed42 ep68 val_pinball=0.1947 best=0.1945
    dengue seed42 ep69 val_pinball=0.1952 best=0.1945
    dengue seed42 ep70 val_pinball=0.1952 best=0.1945
    dengue seed42 ep71 val_pinball=0.1950 best=0.1945
    dengue seed42 ep72 val_pinball=0.1954 best=0.1945
    dengue seed42 ep73 val_pinball=0.1951 best=0.1945
    dengue seed42 ep74 val_pinball=0.1952 best=0.1945
    dengue seed42 ep75 val_pinball=0.1952 best=0.1945
    dengue seed42 ep76 val_pinball=0.1950 best=0.1945
    dengue seed42 ep77 val_pinball=0.1951 best=0.1945
    dengue seed42 ep78 val_pinball=0.1951 best=0.1945
    dengue seed42 ep79 val_pinball=0.1951 best=0.1945
done in 8910s; bias_c={3: -0.1499999999999999, 5: -0.1499999999999999, 10: -0.25, 15: -0.04999999999999982}

===== ceiling dengue seed52 :: 2026-08-11 05:15:47 =====
    dengue seed52 ep00 val_pinball=0.2183 best=0.2183
    dengue seed52 ep01 val_pinball=0.2157 best=0.2157
    dengue seed52 ep02 val_pinball=0.2117 best=0.2117
    dengue seed52 ep03 val_pinball=0.2128 best=0.2117
    dengue seed52 ep04 val_pinball=0.2070 best=0.2070
    dengue seed52 ep05 val_pinball=0.2050 best=0.2050
    dengue seed52 ep06 val_pinball=0.2026 best=0.2026
    dengue seed52 ep07 val_pinball=0.2049 best=0.2026
    dengue seed52 ep08 val_pinball=0.2031 best=0.2026
    dengue seed52 ep09 val_pinball=0.2017 best=0.2017
    dengue seed52 ep10 val_pinball=0.2016 best=0.2016
    dengue seed52 ep11 val_pinball=0.2004 best=0.2004
    dengue seed52 ep12 val_pinball=0.2032 best=0.2004
    dengue seed52 ep13 val_pinball=0.1997 best=0.1997
    dengue seed52 ep14 val_pinball=0.2001 best=0.1997
    dengue seed52 ep15 val_pinball=0.2002 best=0.1997
    dengue seed52 ep16 val_pinball=0.2006 best=0.1997
    dengue seed52 ep17 val_pinball=0.1983 best=0.1983
    dengue seed52 ep18 val_pinball=0.2003 best=0.1983
    dengue seed52 ep19 val_pinball=0.1994 best=0.1983
    dengue seed52 ep20 val_pinball=0.1984 best=0.1983
    dengue seed52 ep21 val_pinball=0.1995 best=0.1983
    dengue seed52 ep22 val_pinball=0.2006 best=0.1983
    dengue seed52 ep23 val_pinball=0.2001 best=0.1983
    dengue seed52 ep24 val_pinball=0.1996 best=0.1983
    dengue seed52 ep25 val_pinball=0.1981 best=0.1981
    dengue seed52 ep26 val_pinball=0.1992 best=0.1981
    dengue seed52 ep27 val_pinball=0.1982 best=0.1981
    dengue seed52 ep28 val_pinball=0.1998 best=0.1981
    dengue seed52 ep29 val_pinball=0.1991 best=0.1981
    dengue seed52 ep30 val_pinball=0.1970 best=0.1970
    dengue seed52 ep31 val_pinball=0.1972 best=0.1970
    dengue seed52 ep32 val_pinball=0.1969 best=0.1969
    dengue seed52 ep33 val_pinball=0.1970 best=0.1969
    dengue seed52 ep34 val_pinball=0.1964 best=0.1964
    dengue seed52 ep35 val_pinball=0.1962 best=0.1962
    dengue seed52 ep36 val_pinball=0.1977 best=0.1962
    dengue seed52 ep37 val_pinball=0.1969 best=0.1962
    dengue seed52 ep38 val_pinball=0.1975 best=0.1962
    dengue seed52 ep39 val_pinball=0.1955 best=0.1955
    dengue seed52 ep40 val_pinball=0.1965 best=0.1955
    dengue seed52 ep41 val_pinball=0.1971 best=0.1955
    dengue seed52 ep42 val_pinball=0.1968 best=0.1955
    dengue seed52 ep43 val_pinball=0.1967 best=0.1955
    dengue seed52 ep44 val_pinball=0.1966 best=0.1955
    dengue seed52 ep45 val_pinball=0.1957 best=0.1955
    dengue seed52 ep46 val_pinball=0.1969 best=0.1955
    dengue seed52 ep47 val_pinball=0.1962 best=0.1955
    dengue seed52 ep48 val_pinball=0.1983 best=0.1955
    dengue seed52 ep49 val_pinball=0.1965 best=0.1955
    dengue seed52 ep50 val_pinball=0.1979 best=0.1955
    dengue seed52 ep51 val_pinball=0.1963 best=0.1955
    dengue seed52 ep52 val_pinball=0.1962 best=0.1955
    dengue seed52 ep53 val_pinball=0.1962 best=0.1955
    dengue seed52 ep54 val_pinball=0.1958 best=0.1955
done in 6155s; bias_c={3: 0.050000000000000044, 5: -0.09999999999999987, 10: -0.19999999999999996, 15: 0.20000000000000018}

===== ceiling dengue seed62 :: 2026-08-11 06:58:25 =====
    dengue seed62 ep00 val_pinball=0.2212 best=0.2212
    dengue seed62 ep01 val_pinball=0.2155 best=0.2155
    dengue seed62 ep02 val_pinball=0.2141 best=0.2141
    dengue seed62 ep03 val_pinball=0.2098 best=0.2098
    dengue seed62 ep04 val_pinball=0.2073 best=0.2073
    dengue seed62 ep05 val_pinball=0.2052 best=0.2052
    dengue seed62 ep06 val_pinball=0.2078 best=0.2052
    dengue seed62 ep07 val_pinball=0.2045 best=0.2045
    dengue seed62 ep08 val_pinball=0.2015 best=0.2015
    dengue seed62 ep09 val_pinball=0.2025 best=0.2015
    dengue seed62 ep10 val_pinball=0.2025 best=0.2015
    dengue seed62 ep11 val_pinball=0.2021 best=0.2015
    dengue seed62 ep12 val_pinball=0.2004 best=0.2004
    dengue seed62 ep13 val_pinball=0.1999 best=0.1999
    dengue seed62 ep14 val_pinball=0.2012 best=0.1999
    dengue seed62 ep15 val_pinball=0.1989 best=0.1989
    dengue seed62 ep16 val_pinball=0.1996 best=0.1989
    dengue seed62 ep17 val_pinball=0.1980 best=0.1980
    dengue seed62 ep18 val_pinball=0.1991 best=0.1980
    dengue seed62 ep19 val_pinball=0.1984 best=0.1980
    dengue seed62 ep20 val_pinball=0.1985 best=0.1980
    dengue seed62 ep21 val_pinball=0.1990 best=0.1980
    dengue seed62 ep22 val_pinball=0.1980 best=0.1980
    dengue seed62 ep23 val_pinball=0.1979 best=0.1979
    dengue seed62 ep24 val_pinball=0.1974 best=0.1974
    dengue seed62 ep25 val_pinball=0.1974 best=0.1974
    dengue seed62 ep26 val_pinball=0.1971 best=0.1971
    dengue seed62 ep27 val_pinball=0.2012 best=0.1971
    dengue seed62 ep28 val_pinball=0.1968 best=0.1968
    dengue seed62 ep29 val_pinball=0.1981 best=0.1968
    dengue seed62 ep30 val_pinball=0.1974 best=0.1968
    dengue seed62 ep31 val_pinball=0.1975 best=0.1968
    dengue seed62 ep32 val_pinball=0.1976 best=0.1968
    dengue seed62 ep33 val_pinball=0.1959 best=0.1959
    dengue seed62 ep34 val_pinball=0.1979 best=0.1959
    dengue seed62 ep35 val_pinball=0.1968 best=0.1959
    dengue seed62 ep36 val_pinball=0.1985 best=0.1959
    dengue seed62 ep37 val_pinball=0.1982 best=0.1959
    dengue seed62 ep38 val_pinball=0.1978 best=0.1959
    dengue seed62 ep39 val_pinball=0.1972 best=0.1959
    dengue seed62 ep40 val_pinball=0.1960 best=0.1959
    dengue seed62 ep41 val_pinball=0.1954 best=0.1954
    dengue seed62 ep42 val_pinball=0.1959 best=0.1954
    dengue seed62 ep43 val_pinball=0.1958 best=0.1954
    dengue seed62 ep44 val_pinball=0.1975 best=0.1954
    dengue seed62 ep45 val_pinball=0.1968 best=0.1954
    dengue seed62 ep46 val_pinball=0.1960 best=0.1954
    dengue seed62 ep47 val_pinball=0.1964 best=0.1954
    dengue seed62 ep48 val_pinball=0.1963 best=0.1954
    dengue seed62 ep49 val_pinball=0.1973 best=0.1954
    dengue seed62 ep50 val_pinball=0.1969 best=0.1954
    dengue seed62 ep51 val_pinball=0.1967 best=0.1954
    dengue seed62 ep52 val_pinball=0.1965 best=0.1954
    dengue seed62 ep53 val_pinball=0.1962 best=0.1954
    dengue seed62 ep54 val_pinball=0.1968 best=0.1954
    dengue seed62 ep55 val_pinball=0.1959 best=0.1954
    dengue seed62 ep56 val_pinball=0.1969 best=0.1954
done in 6371s; bias_c={3: -0.09999999999999987, 5: -0.25, 10: -0.25, 15: -0.09999999999999987}

===== ceiling dengue seed72 :: 2026-08-11 08:44:38 =====
    dengue seed72 ep00 val_pinball=0.2185 best=0.2185
    dengue seed72 ep01 val_pinball=0.2163 best=0.2163
    dengue seed72 ep02 val_pinball=0.2118 best=0.2118
    dengue seed72 ep03 val_pinball=0.2080 best=0.2080
    dengue seed72 ep04 val_pinball=0.2075 best=0.2075
    dengue seed72 ep05 val_pinball=0.2062 best=0.2062
    dengue seed72 ep06 val_pinball=0.2077 best=0.2062
    dengue seed72 ep07 val_pinball=0.2063 best=0.2062
    dengue seed72 ep08 val_pinball=0.2033 best=0.2033
    dengue seed72 ep09 val_pinball=0.2022 best=0.2022
    dengue seed72 ep10 val_pinball=0.2013 best=0.2013
    dengue seed72 ep11 val_pinball=0.1996 best=0.1996
    dengue seed72 ep12 val_pinball=0.2017 best=0.1996
    dengue seed72 ep13 val_pinball=0.1990 best=0.1990
    dengue seed72 ep14 val_pinball=0.1997 best=0.1990
    dengue seed72 ep15 val_pinball=0.2011 best=0.1990
    dengue seed72 ep16 val_pinball=0.2018 best=0.1990
    dengue seed72 ep17 val_pinball=0.1997 best=0.1990
    dengue seed72 ep18 val_pinball=0.1986 best=0.1986
    dengue seed72 ep19 val_pinball=0.1982 best=0.1982
    dengue seed72 ep20 val_pinball=0.1986 best=0.1982
    dengue seed72 ep21 val_pinball=0.2009 best=0.1982
    dengue seed72 ep22 val_pinball=0.1987 best=0.1982
    dengue seed72 ep23 val_pinball=0.1981 best=0.1981
    dengue seed72 ep24 val_pinball=0.1974 best=0.1974
    dengue seed72 ep25 val_pinball=0.2014 best=0.1974
    dengue seed72 ep26 val_pinball=0.1982 best=0.1974
    dengue seed72 ep27 val_pinball=0.1989 best=0.1974
    dengue seed72 ep28 val_pinball=0.1996 best=0.1974
    dengue seed72 ep29 val_pinball=0.1973 best=0.1973
    dengue seed72 ep30 val_pinball=0.1991 best=0.1973
    dengue seed72 ep31 val_pinball=0.1996 best=0.1973
    dengue seed72 ep32 val_pinball=0.1982 best=0.1973
    dengue seed72 ep33 val_pinball=0.1973 best=0.1973
    dengue seed72 ep34 val_pinball=0.1978 best=0.1973
    dengue seed72 ep35 val_pinball=0.1963 best=0.1963
    dengue seed72 ep36 val_pinball=0.1989 best=0.1963
    dengue seed72 ep37 val_pinball=0.1984 best=0.1963
    dengue seed72 ep38 val_pinball=0.1976 best=0.1963
    dengue seed72 ep39 val_pinball=0.1962 best=0.1962
    dengue seed72 ep40 val_pinball=0.1984 best=0.1962
    dengue seed72 ep41 val_pinball=0.1979 best=0.1962
    dengue seed72 ep42 val_pinball=0.1962 best=0.1962
    dengue seed72 ep43 val_pinball=0.1968 best=0.1962
    dengue seed72 ep44 val_pinball=0.1956 best=0.1956
    dengue seed72 ep45 val_pinball=0.1967 best=0.1956
    dengue seed72 ep46 val_pinball=0.1962 best=0.1956
    dengue seed72 ep47 val_pinball=0.1969 best=0.1956
    dengue seed72 ep48 val_pinball=0.1982 best=0.1956
    dengue seed72 ep49 val_pinball=0.1983 best=0.1956
    dengue seed72 ep50 val_pinball=0.1966 best=0.1956
    dengue seed72 ep51 val_pinball=0.1961 best=0.1956
    dengue seed72 ep52 val_pinball=0.1957 best=0.1956
    dengue seed72 ep53 val_pinball=0.1969 best=0.1956
    dengue seed72 ep54 val_pinball=0.1958 best=0.1956
    dengue seed72 ep55 val_pinball=0.1960 best=0.1956
    dengue seed72 ep56 val_pinball=0.1962 best=0.1956
    dengue seed72 ep57 val_pinball=0.1963 best=0.1956
    dengue seed72 ep58 val_pinball=0.1959 best=0.1956
    dengue seed72 ep59 val_pinball=0.1961 best=0.1956
done in 6706s; bias_c={3: 0.0, 5: -0.09999999999999987, 10: -0.19999999999999996, 15: -0.1499999999999999}

===== ceiling dengue seed82 :: 2026-08-11 10:36:27 =====
    dengue seed82 ep00 val_pinball=0.2227 best=0.2227
    dengue seed82 ep01 val_pinball=0.2149 best=0.2149
    dengue seed82 ep02 val_pinball=0.2119 best=0.2119
    dengue seed82 ep03 val_pinball=0.2063 best=0.2063
    dengue seed82 ep04 val_pinball=0.2078 best=0.2063
    dengue seed82 ep05 val_pinball=0.2079 best=0.2063
    dengue seed82 ep06 val_pinball=0.2084 best=0.2063
    dengue seed82 ep07 val_pinball=0.2044 best=0.2044
    dengue seed82 ep08 val_pinball=0.1998 best=0.1998
    dengue seed82 ep09 val_pinball=0.1993 best=0.1993
    dengue seed82 ep10 val_pinball=0.2009 best=0.1993
    dengue seed82 ep11 val_pinball=0.2069 best=0.1993
    dengue seed82 ep12 val_pinball=0.2026 best=0.1993
    dengue seed82 ep13 val_pinball=0.1999 best=0.1993
    dengue seed82 ep14 val_pinball=0.1981 best=0.1981
    dengue seed82 ep15 val_pinball=0.1971 best=0.1971
    dengue seed82 ep16 val_pinball=0.1971 best=0.1971
    dengue seed82 ep17 val_pinball=0.1990 best=0.1971
    dengue seed82 ep18 val_pinball=0.1982 best=0.1971
    dengue seed82 ep19 val_pinball=0.1993 best=0.1971
    dengue seed82 ep20 val_pinball=0.1981 best=0.1971
    dengue seed82 ep21 val_pinball=0.1970 best=0.1970
    dengue seed82 ep22 val_pinball=0.1995 best=0.1970
    dengue seed82 ep23 val_pinball=0.2008 best=0.1970
    dengue seed82 ep24 val_pinball=0.1982 best=0.1970
    dengue seed82 ep25 val_pinball=0.1981 best=0.1970
    dengue seed82 ep26 val_pinball=0.1989 best=0.1970
    dengue seed82 ep27 val_pinball=0.1989 best=0.1970
    dengue seed82 ep28 val_pinball=0.1968 best=0.1968
    dengue seed82 ep29 val_pinball=0.1969 best=0.1968
    dengue seed82 ep30 val_pinball=0.1963 best=0.1963
    dengue seed82 ep31 val_pinball=0.1978 best=0.1963
    dengue seed82 ep32 val_pinball=0.1954 best=0.1954
    dengue seed82 ep33 val_pinball=0.1971 best=0.1954
    dengue seed82 ep34 val_pinball=0.1962 best=0.1954
    dengue seed82 ep35 val_pinball=0.1984 best=0.1954
    dengue seed82 ep36 val_pinball=0.1959 best=0.1954
    dengue seed82 ep37 val_pinball=0.1977 best=0.1954
    dengue seed82 ep38 val_pinball=0.1977 best=0.1954
    dengue seed82 ep39 val_pinball=0.1979 best=0.1954
    dengue seed82 ep40 val_pinball=0.1960 best=0.1954
    dengue seed82 ep41 val_pinball=0.1960 best=0.1954
    dengue seed82 ep42 val_pinball=0.1965 best=0.1954
    dengue seed82 ep43 val_pinball=0.1955 best=0.1954
    dengue seed82 ep44 val_pinball=0.1971 best=0.1954
    dengue seed82 ep45 val_pinball=0.1952 best=0.1952
    dengue seed82 ep46 val_pinball=0.1961 best=0.1952
    dengue seed82 ep47 val_pinball=0.1960 best=0.1952
    dengue seed82 ep48 val_pinball=0.1959 best=0.1952
    dengue seed82 ep49 val_pinball=0.1949 best=0.1949
    dengue seed82 ep50 val_pinball=0.1954 best=0.1949
    dengue seed82 ep51 val_pinball=0.1960 best=0.1949
    dengue seed82 ep52 val_pinball=0.1957 best=0.1949
    dengue seed82 ep53 val_pinball=0.1956 best=0.1949
    dengue seed82 ep54 val_pinball=0.1963 best=0.1949
    dengue seed82 ep55 val_pinball=0.1944 best=0.1944
    dengue seed82 ep56 val_pinball=0.1948 best=0.1944
    dengue seed82 ep57 val_pinball=0.1949 best=0.1944
    dengue seed82 ep58 val_pinball=0.1948 best=0.1944
    dengue seed82 ep59 val_pinball=0.1957 best=0.1944
    dengue seed82 ep60 val_pinball=0.1948 best=0.1944
    dengue seed82 ep61 val_pinball=0.1943 best=0.1943
    dengue seed82 ep62 val_pinball=0.1950 best=0.1943
    dengue seed82 ep63 val_pinball=0.1956 best=0.1943
    dengue seed82 ep64 val_pinball=0.1947 best=0.1943
    dengue seed82 ep65 val_pinball=0.1950 best=0.1943
    dengue seed82 ep66 val_pinball=0.1949 best=0.1943
    dengue seed82 ep67 val_pinball=0.1949 best=0.1943
    dengue seed82 ep68 val_pinball=0.1951 best=0.1943
    dengue seed82 ep69 val_pinball=0.1951 best=0.1943
    dengue seed82 ep70 val_pinball=0.1951 best=0.1943
    dengue seed82 ep71 val_pinball=0.1951 best=0.1943
    dengue seed82 ep72 val_pinball=0.1950 best=0.1943
    dengue seed82 ep73 val_pinball=0.1948 best=0.1943
    dengue seed82 ep74 val_pinball=0.1950 best=0.1943
    dengue seed82 ep75 val_pinball=0.1948 best=0.1943
    dengue seed82 ep76 val_pinball=0.1948 best=0.1943
done in 8578s; bias_c={3: -0.09999999999999987, 5: -0.19999999999999996, 10: -0.25, 15: -0.19999999999999996}
