
=== ebola_L12  few-shot  RMSE (country_macro) ===
    support 59 cells to 2014-06-28 | seeds [42, 52, 62, 72, 82] | nodes [50, 51, 52, 53]
    prereg 08d657dcc3856fbd3319e509d828a9697eefb91d9a7b1f2b6abbdd38454178fd
      h           mean +- sd   n |   vs persistence   vs support_mean
      3      38.20 +-    0.49   5 |           +12.0%             +8.5%
      5      37.98 +-    0.59   5 |           +14.3%             +8.7%
     10      41.19 +-    4.33   5 |     within noise      within noise
     15      28.52 +-    0.48   5 |           +43.7%             +3.7%

=== ebola_L12  zero-shot  RMSE (country_macro) ===
    support 59 cells to 2014-06-28 | seeds [42, 52, 62, 72, 82] | nodes [50, 51, 52, 53]
    prereg 08d657dcc3856fbd3319e509d828a9697eefb91d9a7b1f2b6abbdd38454178fd
      h           mean +- sd   n |   vs persistence   vs support_mean
      3      36.55 +-    0.46   5 |           +15.8%            +12.4%
      5      37.59 +-    0.18   5 |           +15.2%             +9.6%
     10      38.87 +-    0.14   5 |           +15.5%             +5.0%
     15      28.28 +-    0.11   5 |           +44.2%             +4.5%

    reference floors for ebola_L12: persistence, support_mean (deterministic, one value per horizon, no seed dimension; the sd above is the encoder's own seed spread)

=== ebola_L20  few-shot  RMSE (country_macro) ===
    support 113 cells to 2014-08-23 | seeds [42, 52, 62, 72, 82] | nodes [50, 51, 52, 53]
    prereg e9b9ac0b44c2e3f71ba78a922a9125d1e0bc1b10e4e6547b3e8ce59855d28cc0
      h           mean +- sd   n |   vs persistence   vs support_mean
      3      47.03 +-   15.24   5 |     within noise      within noise
      5      38.92 +-    0.74   5 |           +12.2%             +7.4%
     10      51.58 +-   13.25   5 |     within noise      within noise
     15      40.85 +-   10.70   5 |     within noise      within noise

=== ebola_L20  zero-shot  RMSE (country_macro) ===
    support 113 cells to 2014-08-23 | seeds [42, 52, 62, 72, 82] | nodes [50, 51, 52, 53]
    prereg e9b9ac0b44c2e3f71ba78a922a9125d1e0bc1b10e4e6547b3e8ce59855d28cc0
      h           mean +- sd   n |   vs persistence   vs support_mean
      3      35.24 +-    0.51   5 |           +18.8%            +15.3%
      5      36.69 +-    0.22   5 |           +17.3%            +12.7%
     10      39.37 +-    0.39   5 |           +14.4%             +5.5%
     15      29.54 +-    0.31   5 |           +41.7%             +4.5%

    reference floors for ebola_L20: persistence, support_mean (deterministic, one value per horizon, no seed dimension; the sd above is the encoder's own seed spread)

=== ebola_L12  few-shot  MAE (country_macro) ===
    support 59 cells to 2014-06-28 | seeds [42, 52, 62, 72, 82] | nodes [50, 51, 52, 53]
    prereg 08d657dcc3856fbd3319e509d828a9697eefb91d9a7b1f2b6abbdd38454178fd
      h           mean +- sd   n |   vs persistence   vs support_mean
      3      24.69 +-    0.48   5 |            +4.7%            +11.9%
      5      24.61 +-    0.62   5 |           +10.2%            +11.5%
     10      26.05 +-    3.89   5 |     within noise      within noise
     15      20.10 +-    0.52   5 |           +37.0%             +4.8%

=== ebola_L12  zero-shot  MAE (country_macro) ===
    support 59 cells to 2014-06-28 | seeds [42, 52, 62, 72, 82] | nodes [50, 51, 52, 53]
    prereg 08d657dcc3856fbd3319e509d828a9697eefb91d9a7b1f2b6abbdd38454178fd
      h           mean +- sd   n |   vs persistence   vs support_mean
      3      22.85 +-    0.50   5 |           +11.8%            +18.5%
      5      24.00 +-    0.17   5 |           +12.4%            +13.7%
     10      23.55 +-    0.15   5 |           +17.5%             +6.6%
     15      20.14 +-    0.12   5 |           +36.9%             +4.6%

    reference floors for ebola_L12: persistence, support_mean (deterministic, one value per horizon, no seed dimension; the sd above is the encoder's own seed spread)

=== ebola_L20  few-shot  MAE (country_macro) ===
    support 113 cells to 2014-08-23 | seeds [42, 52, 62, 72, 82] | nodes [50, 51, 52, 53]
    prereg e9b9ac0b44c2e3f71ba78a922a9125d1e0bc1b10e4e6547b3e8ce59855d28cc0
      h           mean +- sd   n |   vs persistence   vs support_mean
      3      31.94 +-   12.34   5 |     within noise      within noise
      5      25.75 +-    0.81   5 |            +6.0%             +9.0%
     10      35.14 +-   12.00   5 |     within noise      within noise
     15      31.54 +-    8.76   5 |     within noise      within noise

=== ebola_L20  zero-shot  MAE (country_macro) ===
    support 113 cells to 2014-08-23 | seeds [42, 52, 62, 72, 82] | nodes [50, 51, 52, 53]
    prereg e9b9ac0b44c2e3f71ba78a922a9125d1e0bc1b10e4e6547b3e8ce59855d28cc0
      h           mean +- sd   n |   vs persistence   vs support_mean
      3      21.66 +-    0.48   5 |           +16.4%            +22.0%
      5      23.23 +-    0.25   5 |           +15.2%            +17.9%
     10      24.40 +-    0.46   5 |           +14.5%             +6.3%
     15      21.79 +-    0.39   5 |           +31.7%             +4.9%

    reference floors for ebola_L20: persistence, support_mean (deterministic, one value per horizon, no seed dimension; the sd above is the encoder's own seed spread)

NOTE: L12 and L20 are separate pre-registered support sets. They are never averaged.
