
===== epi arm p0.9 :: 2026-08-12 22:25:23 =====
EPI ABLATION: bound epi_p90max, lambda 1.0, 20 of 20 cells to train
  dengue                   p90 of |dlog1p|/week  g2: 0.424 (n=1,195,448), g3: 0.345 (n=1,186,847), g5: 0.220 (n=1,169,484)
  influenza_japan          p90 of |dlog1p|/week  g2: 0.805 (n=8,084), g3: 0.717 (n=8,037), g5: 0.621 (n=7,943)
  influenza_us-regions     p90 of |dlog1p|/week  g2: 0.381 (n=3,900), g3: 0.331 (n=3,890), g5: 0.287 (n=3,870)
  influenza_us-states      p90 of |dlog1p|/week  g2: 0.458 (n=8,722), g3: 0.366 (n=8,673), g5: 0.296 (n=8,575)
  covid_us-states          p90 of |dlog1p|/week  g2: 0.506 (n=3,920), g3: 0.476 (n=3,871), g5: 0.461 (n=3,773)
  r_max = gap 2: 0.8047  gap 3: 0.7168  gap 5: 0.6208   (calibrated on 5 datasets)
  influenza_japan seed42 done in 6.4 min  mean train penalty = 3.650e-04
  influenza_japan seed52 done in 2.6 min  mean train penalty = 4.145e-04
  influenza_japan seed62 done in 7.4 min  mean train penalty = 2.540e-04
  influenza_japan seed72 done in 7.6 min  mean train penalty = 2.472e-04
  influenza_japan seed82 done in 3.0 min  mean train penalty = 3.515e-04
  influenza_us-regions seed42 done in 6.4 min  mean train penalty = 3.122e-05
  influenza_us-regions seed52 done in 4.7 min  mean train penalty = 2.280e-05
  influenza_us-regions seed62 done in 4.5 min  mean train penalty = 3.864e-05
  influenza_us-regions seed72 done in 6.6 min  mean train penalty = 2.829e-05
  influenza_us-regions seed82 done in 6.4 min  mean train penalty = 2.839e-05
  influenza_us-states seed42 done in 5.8 min  mean train penalty = 2.160e-05
  influenza_us-states seed52 done in 5.7 min  mean train penalty = 2.247e-05
  influenza_us-states seed62 done in 3.7 min  mean train penalty = 2.373e-05
  influenza_us-states seed72 done in 6.1 min  mean train penalty = 2.684e-05
  influenza_us-states seed82 done in 4.1 min  mean train penalty = 2.336e-05
  covid_us-states seed42 done in 1.5 min  mean train penalty = 6.503e-04
  covid_us-states seed52 done in 1.1 min  mean train penalty = 2.867e-04
  covid_us-states seed62 done in 1.2 min  mean train penalty = 4.070e-04
  covid_us-states seed72 done in 1.1 min  mean train penalty = 2.725e-04
  covid_us-states seed82 done in 1.2 min  mean train penalty = 3.171e-04

====================================================================================================
EPI-INFORMED ABLATION :: bound epi_p90max   reference = single-disease encoder, SAME seed (paired)
====================================================================================================

  influenza_japan   field=node_mean
    RMSE (lower=better)
        h |           baseline |                epi |           paired d | verdict
        3 |   666.249 +-73.188 |   657.058 +-84.004 |    -9.190 +-24.950 | within noise (n=5)
        5 |   765.404 +-18.834 |   759.539 +-29.404 |    -5.865 +-40.630 | within noise (n=5)
       10 |  1062.794 +-20.882 |  1033.537 +-19.415 |   -29.257 +-24.713 | epi BETTER (n=5)
       15 |  1034.971 +-31.196 |  1022.893 +-17.583 |   -12.078 +-19.751 | within noise (n=5)
    MAE (lower=better)
        h |           baseline |                epi |           paired d | verdict
        3 |   242.624 +-32.962 |   238.633 +-37.696 |    -3.990 +- 9.059 | within noise (n=5)
        5 |   294.732 +- 7.275 |   294.410 +-10.028 |    -0.322 +-15.620 | within noise (n=5)
       10 |   444.117 +- 8.789 |   432.892 +-10.089 |   -11.225 +- 9.432 | epi BETTER (n=5)
       15 |   444.600 +-13.253 |   441.597 +- 8.404 |    -3.003 +- 7.648 | within noise (n=5)
    PCC (higher=better)
        h |           baseline |                epi |           paired d | verdict
        3 |     0.872 +- 0.040 |     0.876 +- 0.042 |    +0.003 +- 0.016 | within noise (n=5)
        5 |     0.899 +- 0.022 |     0.900 +- 0.022 |    +0.001 +- 0.005 | within noise (n=5)
       10 |     0.844 +- 0.006 |     0.840 +- 0.009 |    -0.004 +- 0.010 | within noise (n=5)
       15 |     0.837 +- 0.020 |     0.832 +- 0.018 |    -0.005 +- 0.012 | within noise (n=5)

  influenza_us-regions   field=node_mean
    RMSE (lower=better)
        h |           baseline |                epi |           paired d | verdict
        3 |   573.580 +-45.785 |   561.230 +-33.851 |   -12.350 +-20.299 | within noise (n=5)
        5 |   682.047 +-63.250 |   675.935 +-53.453 |    -6.113 +-16.846 | within noise (n=5)
       10 |   761.432 +-72.811 |   744.603 +-59.345 |   -16.829 +-15.128 | epi BETTER (n=5)
       15 |   774.423 +-92.829 |   768.363 +-86.177 |    -6.060 +- 9.204 | within noise (n=5)
    MAE (lower=better)
        h |           baseline |                epi |           paired d | verdict
        3 |   358.316 +-40.833 |   345.717 +-32.429 |   -12.599 +-17.641 | within noise (n=5)
        5 |   432.156 +-58.893 |   427.363 +-50.583 |    -4.793 +-11.864 | within noise (n=5)
       10 |   494.178 +-59.813 |   484.400 +-46.052 |    -9.778 +-14.716 | within noise (n=5)
       15 |   509.962 +-74.054 |   504.472 +-68.189 |    -5.491 +- 7.364 | within noise (n=5)
    PCC (higher=better)
        h |           baseline |                epi |           paired d | verdict
        3 |     0.824 +- 0.032 |     0.832 +- 0.021 |    +0.008 +- 0.014 | within noise (n=5)
        5 |     0.743 +- 0.044 |     0.747 +- 0.037 |    +0.004 +- 0.013 | within noise (n=5)
       10 |     0.702 +- 0.059 |     0.708 +- 0.054 |    +0.006 +- 0.008 | within noise (n=5)
       15 |     0.662 +- 0.110 |     0.667 +- 0.104 |    +0.005 +- 0.012 | within noise (n=5)

  influenza_us-states   field=node_mean
    RMSE (lower=better)
        h |           baseline |                epi |           paired d | verdict
        3 |   108.725 +- 3.172 |   106.971 +- 2.084 |    -1.754 +- 3.721 | within noise (n=5)
        5 |   134.351 +- 3.346 |   132.519 +- 5.132 |    -1.832 +- 4.426 | within noise (n=5)
       10 |   161.086 +- 4.225 |   160.043 +- 5.925 |    -1.043 +- 2.281 | within noise (n=5)
       15 |   162.303 +- 5.077 |   162.048 +- 4.507 |    -0.255 +- 1.589 | within noise (n=5)
    MAE (lower=better)
        h |           baseline |                epi |           paired d | verdict
        3 |    69.844 +- 2.391 |    68.272 +- 2.092 |    -1.572 +- 2.828 | within noise (n=5)
        5 |    87.075 +- 1.812 |    85.172 +- 3.350 |    -1.903 +- 4.263 | within noise (n=5)
       10 |   108.916 +- 1.911 |   108.583 +- 2.342 |    -0.332 +- 0.619 | within noise (n=5)
       15 |   110.581 +- 3.517 |   110.311 +- 3.048 |    -0.270 +- 1.132 | within noise (n=5)
    PCC (higher=better)
        h |           baseline |                epi |           paired d | verdict
        3 |     0.808 +- 0.012 |     0.809 +- 0.011 |    +0.002 +- 0.001 | epi BETTER (n=5)
        5 |     0.707 +- 0.015 |     0.708 +- 0.016 |    +0.001 +- 0.004 | within noise (n=5)
       10 |     0.641 +- 0.010 |     0.639 +- 0.012 |    -0.002 +- 0.004 | within noise (n=5)
       15 |     0.640 +- 0.026 |     0.644 +- 0.021 |    +0.004 +- 0.012 | within noise (n=5)

  covid_us-states   field=node_mean
    RMSE (lower=better)
        h |           baseline |                epi |           paired d | verdict
        3 |  6058.111 +-483.616 |  6302.571 +-1036.630 |  +244.460 +-1126.481 | within noise (n=5)
        5 | 10683.311 +-1428.631 | 11245.996 +-1138.838 |  +562.686 +-1394.394 | within noise (n=5)
       10 | 18059.034 +-4213.425 | 18525.168 +-3290.888 |  +466.135 +-2174.839 | within noise (n=5)
       15 | 14451.019 +-479.635 | 15056.371 +-736.346 |  +605.352 +-1049.080 | within noise (n=5)
    MAE (lower=better)
        h |           baseline |                epi |           paired d | verdict
        3 |  4843.402 +-528.696 |  4875.021 +-950.936 |   +31.618 +-1029.116 | within noise (n=5)
        5 |  8378.659 +-935.794 |  8704.903 +-721.663 |  +326.244 +-1057.067 | within noise (n=5)
       10 | 13707.492 +-2899.506 | 14066.211 +-2332.962 |  +358.719 +-1365.626 | within noise (n=5)
       15 | 12218.222 +-510.169 | 12642.406 +-797.543 |  +424.185 +-785.295 | within noise (n=5)
    PCC (higher=better)
        h |           baseline |                epi |           paired d | verdict
        3 |     0.425 +- 0.128 |     0.433 +- 0.129 |    +0.008 +- 0.053 | within noise (n=5)
        5 |    -0.176 +- 0.091 |    -0.184 +- 0.063 |    -0.008 +- 0.066 | within noise (n=5)
       10 |    -0.357 +- 0.033 |    -0.373 +- 0.029 |    -0.017 +- 0.005 | epi WORSE (n=5)
       15 |    -0.324 +- 0.087 |    -0.329 +- 0.095 |    -0.006 +- 0.048 | within noise (n=5)

  Paired: each delta is (epi - baseline) at the SAME seed, then averaged. Both mean columns cover ONLY the seeds present in both arms, so epi - baseline reproduces the delta column exactly. 'within noise' = |mean| < sd across seeds.

