
===== ldo3full covid seed42 :: 2026-08-12 18:00:21 =====
LDO3: 1 fold(s) x 1 seed(s) = 1 runs | trunk_steps=91000 epochs=80 trunk_patience=999 prefix=encoder_ldo3full

=== encoder_ldo3full fold: held-out DISEASE=covid (['covid_us-states'])
    trunk on ['dengue', 'influenza'] = ['dengue', 'influenza_japan', 'influenza_us-regions', 'influenza_us-states']  adapter_groups=[0, 1, 1, 1]  seed=42 ===
    trunk loss rebalanced per DISEASE (2 groups): [0.5, 0.167, 0.167, 0.167]
    trunk(-42) step  1000 val=0.1902 best=0.1902
    trunk(-42) step  2000 val=0.1896 best=0.1896
    trunk(-42) step  3000 val=0.1811 best=0.1811
    trunk(-42) step  4000 val=0.2006 best=0.1811
    trunk(-42) step  5000 val=0.1821 best=0.1811
    trunk(-42) step  6000 val=0.1875 best=0.1811
    trunk(-42) step  7000 val=0.1870 best=0.1811
    trunk(-42) step  8000 val=0.1840 best=0.1811
    trunk(-42) step  9000 val=0.1851 best=0.1811
    trunk(-42) step 10000 val=0.1898 best=0.1811
    trunk(-42) step 11000 val=0.1851 best=0.1811
    trunk(-42) step 12000 val=0.1865 best=0.1811
    trunk(-42) step 13000 val=0.1889 best=0.1811
    trunk(-42) step 14000 val=0.1864 best=0.1811
    trunk(-42) step 15000 val=0.1851 best=0.1811
    trunk(-42) step 16000 val=0.1853 best=0.1811
    trunk(-42) step 17000 val=0.1876 best=0.1811
    trunk(-42) step 18000 val=0.1877 best=0.1811
    trunk(-42) step 19000 val=0.1907 best=0.1811
    trunk(-42) step 20000 val=0.1866 best=0.1811
    trunk(-42) step 21000 val=0.1857 best=0.1811
    trunk(-42) step 22000 val=0.1912 best=0.1811
    trunk(-42) step 23000 val=0.1892 best=0.1811
    trunk(-42) step 24000 val=0.1895 best=0.1811
    trunk(-42) step 25000 val=0.1900 best=0.1811
    trunk(-42) step 26000 val=0.1937 best=0.1811
    trunk(-42) step 27000 val=0.1868 best=0.1811
    trunk(-42) step 28000 val=0.1894 best=0.1811
    trunk(-42) step 29000 val=0.1877 best=0.1811
    trunk(-42) step 30000 val=0.1916 best=0.1811
    trunk(-42) step 31000 val=0.1869 best=0.1811
    trunk(-42) step 32000 val=0.1876 best=0.1811
    trunk(-42) step 33000 val=0.1885 best=0.1811
    trunk(-42) step 34000 val=0.1897 best=0.1811
    trunk(-42) step 35000 val=0.1925 best=0.1811
    trunk(-42) step 36000 val=0.1902 best=0.1811
    trunk(-42) step 37000 val=0.1905 best=0.1811
    trunk(-42) step 38000 val=0.1918 best=0.1811
    trunk(-42) step 39000 val=0.1899 best=0.1811
    trunk(-42) step 40000 val=0.1908 best=0.1811
    trunk(-42) step 41000 val=0.1902 best=0.1811
    trunk(-42) step 42000 val=0.1940 best=0.1811
    trunk(-42) step 43000 val=0.1892 best=0.1811
    trunk(-42) step 44000 val=0.1910 best=0.1811
    trunk(-42) step 45000 val=0.1915 best=0.1811
    trunk(-42) step 46000 val=0.1925 best=0.1811
    trunk(-42) step 47000 val=0.1915 best=0.1811
    trunk(-42) step 48000 val=0.1921 best=0.1811
    trunk(-42) step 49000 val=0.1936 best=0.1811
    trunk(-42) step 50000 val=0.1948 best=0.1811
    trunk(-42) step 51000 val=0.1952 best=0.1811
    trunk(-42) step 52000 val=0.1927 best=0.1811
    trunk(-42) step 53000 val=0.1943 best=0.1811
    trunk(-42) step 54000 val=0.1919 best=0.1811
    trunk(-42) step 55000 val=0.1945 best=0.1811
    trunk(-42) step 56000 val=0.1930 best=0.1811
    trunk(-42) step 57000 val=0.1934 best=0.1811
    trunk(-42) step 58000 val=0.1921 best=0.1811
    trunk(-42) step 59000 val=0.1921 best=0.1811
    trunk(-42) step 60000 val=0.1947 best=0.1811
    trunk(-42) step 61000 val=0.1928 best=0.1811
    trunk(-42) step 62000 val=0.1940 best=0.1811
    trunk(-42) step 63000 val=0.1935 best=0.1811
    trunk(-42) step 64000 val=0.1947 best=0.1811
    trunk(-42) step 65000 val=0.1929 best=0.1811
    trunk(-42) step 66000 val=0.1944 best=0.1811
    trunk(-42) step 67000 val=0.1949 best=0.1811
    trunk(-42) step 68000 val=0.1939 best=0.1811
    trunk(-42) step 69000 val=0.1938 best=0.1811
    trunk(-42) step 70000 val=0.1936 best=0.1811
    trunk(-42) step 71000 val=0.1946 best=0.1811
    trunk(-42) step 72000 val=0.1951 best=0.1811
    trunk(-42) step 73000 val=0.1951 best=0.1811
    trunk(-42) step 74000 val=0.1948 best=0.1811
    trunk(-42) step 75000 val=0.1948 best=0.1811
    trunk(-42) step 76000 val=0.1941 best=0.1811
    trunk(-42) step 77000 val=0.1950 best=0.1811
    trunk(-42) step 78000 val=0.1948 best=0.1811
    trunk(-42) step 79000 val=0.1943 best=0.1811
    trunk(-42) step 80000 val=0.1948 best=0.1811
    trunk(-42) step 81000 val=0.1941 best=0.1811
    trunk(-42) step 82000 val=0.1951 best=0.1811
    trunk(-42) step 83000 val=0.1950 best=0.1811
    trunk(-42) step 84000 val=0.1947 best=0.1811
    trunk(-42) step 85000 val=0.1950 best=0.1811
    trunk(-42) step 86000 val=0.1948 best=0.1811
    trunk(-42) step 87000 val=0.1947 best=0.1811
    trunk(-42) step 88000 val=0.1947 best=0.1811
    trunk(-42) step 89000 val=0.1948 best=0.1811
    trunk(-42) step 90000 val=0.1948 best=0.1811
    trunk(-42) step 91000 val=0.1948 best=0.1811
    shared-adapter[us-states] ep00 val=0.3611 best=0.3611
    shared-adapter[us-states] ep01 val=0.2763 best=0.2763
    shared-adapter[us-states] ep02 val=0.2161 best=0.2161
    shared-adapter[us-states] ep03 val=0.1802 best=0.1802
    shared-adapter[us-states] ep04 val=0.1599 best=0.1599
    shared-adapter[us-states] ep05 val=0.1455 best=0.1455
    shared-adapter[us-states] ep06 val=0.1384 best=0.1384
    shared-adapter[us-states] ep07 val=0.1342 best=0.1342
    shared-adapter[us-states] ep08 val=0.1304 best=0.1304
    shared-adapter[us-states] ep09 val=0.1257 best=0.1257
    shared-adapter[us-states] ep10 val=0.1233 best=0.1233
    shared-adapter[us-states] ep11 val=0.1215 best=0.1215
    shared-adapter[us-states] ep12 val=0.1198 best=0.1198
    shared-adapter[us-states] ep13 val=0.1184 best=0.1184
    shared-adapter[us-states] ep14 val=0.1170 best=0.1170
    shared-adapter[us-states] ep15 val=0.1169 best=0.1169
    shared-adapter[us-states] ep16 val=0.1160 best=0.1160
    shared-adapter[us-states] ep17 val=0.1151 best=0.1151
    shared-adapter[us-states] ep18 val=0.1155 best=0.1151
    shared-adapter[us-states] ep19 val=0.1151 best=0.1151
    shared-adapter[us-states] ep20 val=0.1145 best=0.1145
    shared-adapter[us-states] ep21 val=0.1141 best=0.1141
    shared-adapter[us-states] ep22 val=0.1130 best=0.1130
    shared-adapter[us-states] ep23 val=0.1128 best=0.1128
    shared-adapter[us-states] ep24 val=0.1135 best=0.1128
    shared-adapter[us-states] ep25 val=0.1132 best=0.1128
    shared-adapter[us-states] ep26 val=0.1135 best=0.1128
    shared-adapter[us-states] ep27 val=0.1125 best=0.1125
    shared-adapter[us-states] ep28 val=0.1127 best=0.1125
    shared-adapter[us-states] ep29 val=0.1129 best=0.1125
    shared-adapter[us-states] ep30 val=0.1113 best=0.1113
    shared-adapter[us-states] ep31 val=0.1123 best=0.1113
    shared-adapter[us-states] ep32 val=0.1122 best=0.1113
    shared-adapter[us-states] ep33 val=0.1112 best=0.1112
    shared-adapter[us-states] ep34 val=0.1118 best=0.1112
    shared-adapter[us-states] ep35 val=0.1115 best=0.1112
    shared-adapter[us-states] ep36 val=0.1114 best=0.1112
    shared-adapter[us-states] ep37 val=0.1112 best=0.1112
    shared-adapter[us-states] ep38 val=0.1113 best=0.1112
    shared-adapter[us-states] ep39 val=0.1119 best=0.1112
    shared-adapter[us-states] ep40 val=0.1113 best=0.1112
    shared-adapter[us-states] ep41 val=0.1112 best=0.1112
    shared-adapter[us-states] ep42 val=0.1111 best=0.1111
    shared-adapter[us-states] ep43 val=0.1112 best=0.1111
    shared-adapter[us-states] ep44 val=0.1113 best=0.1111
    shared-adapter[us-states] ep45 val=0.1111 best=0.1111
    shared-adapter[us-states] ep46 val=0.1111 best=0.1111
    shared-adapter[us-states] ep47 val=0.1108 best=0.1108
    shared-adapter[us-states] ep48 val=0.1106 best=0.1106
    shared-adapter[us-states] ep49 val=0.1109 best=0.1106
    shared-adapter[us-states] ep50 val=0.1110 best=0.1106
    shared-adapter[us-states] ep51 val=0.1109 best=0.1106
    shared-adapter[us-states] ep52 val=0.1107 best=0.1106
    shared-adapter[us-states] ep53 val=0.1109 best=0.1106
    shared-adapter[us-states] ep54 val=0.1107 best=0.1106
    shared-adapter[us-states] ep55 val=0.1107 best=0.1106
    shared-adapter[us-states] ep56 val=0.1108 best=0.1106
    shared-adapter[us-states] ep57 val=0.1107 best=0.1106
    shared-adapter[us-states] ep58 val=0.1107 best=0.1106
    shared-adapter[us-states] ep59 val=0.1105 best=0.1105
    shared-adapter[us-states] ep60 val=0.1105 best=0.1105
    shared-adapter[us-states] ep61 val=0.1106 best=0.1105
    shared-adapter[us-states] ep62 val=0.1106 best=0.1105
    shared-adapter[us-states] ep63 val=0.1106 best=0.1105
    shared-adapter[us-states] ep64 val=0.1106 best=0.1105
    shared-adapter[us-states] ep65 val=0.1107 best=0.1105
    shared-adapter[us-states] ep66 val=0.1106 best=0.1105
    shared-adapter[us-states] ep67 val=0.1106 best=0.1105
    shared-adapter[us-states] ep68 val=0.1105 best=0.1105
    shared-adapter[us-states] ep69 val=0.1105 best=0.1105
    shared-adapter[us-states] ep70 val=0.1105 best=0.1105
    shared-adapter[us-states] ep71 val=0.1105 best=0.1105
    shared-adapter[us-states] ep72 val=0.1105 best=0.1105
    shared-adapter[us-states] ep73 val=0.1105 best=0.1105
    shared-adapter[us-states] ep74 val=0.1105 best=0.1105
LDO3 done in 161.3 min
